Component: ARM Compiler 5.06 update 6 (build 750) Tool: armlink [4d35ed]

==============================================================================

Section Cross References

    main.o(.text) refers to main.o(i._ZN4mbed6PwmOut6periodEf) for mbed::PwmOut::period(float)
    main.o(.text) refers to main.o(i._ZN4mbed8AnalogIn4readEv) for mbed::AnalogIn::read()
    main.o(.text) refers to faddsub_clz.o(x$fpl$fsub) for __aeabi_fsub
    main.o(.text) refers to f2d.o(x$fpl$f2d) for __aeabi_f2d
    main.o(.text) refers to drleqf.o(x$fpl$drleqf) for __aeabi_cdrcmple
    main.o(.text) refers to dleqf.o(x$fpl$dleqf) for __aeabi_cdcmple
    main.o(.text) refers to fmul.o(x$fpl$fmul) for __aeabi_fmul
    main.o(.text) refers to faddsub_clz.o(x$fpl$fadd) for __aeabi_fadd
    main.o(.text) refers to frleqf.o(x$fpl$frleqf) for __aeabi_cfrcmple
    main.o(.text) refers to fleqf.o(x$fpl$fleqf) for __aeabi_cfcmple
    main.o(.text) refers to main.o(i._ZN4mbed6PwmOutaSEf) for mbed::PwmOut::operator =(float)
    main.o(.text) refers to assert.o(i.mbed_assert_internal) for mbed_assert_internal
    main.o(.text) refers to fflt_clz.o(x$fpl$ffltu) for __aeabi_ui2f
    main.o(.text) refers to wait_api.o(i.wait) for wait
    main.o(.text) refers to main.o(i._ZN4mbed8AnalogInC1E7PinName) for mbed::AnalogIn::AnalogIn(PinName)
    main.o(.text) refers to main.o(i._ZN4mbed6PwmOutC1E7PinName) for mbed::PwmOut::PwmOut(PinName)
    main.o(.text) refers to rt_memclr_w.o(.text) for __aeabi_memclr4
    main.o(.text) refers to gpio.o(i.gpio_init_in) for gpio_init_in
    main.o(.text) refers to Timer.o(i._ZN4mbed5TimerC1Ev) for mbed::Timer::Timer()
    main.o(.text) refers to main.o(.data) for mot1
    main.o(.text) refers to main.o(.bss) for ir
    main.o(.ARM.exidx) refers to main.o(.text) for .text
    main.o(.init_array) refers to main.o(.text) for __sti___8_main_cpp_ldr1
    main.o(.init_array) refers to init_aeabi.o(.text) for __cpp_initialize__aeabi_
    grove_lcd_rgb_backlight.o(.text) refers to I2C.o(i._ZN4mbed3I2C5writeEiPKcib) for mbed::I2C::write(int, const char*, int, bool)
    grove_lcd_rgb_backlight.o(.text) refers to wait_api.o(i.wait_us) for wait_us
    grove_lcd_rgb_backlight.o(.text) refers to wait_api.o(i.wait_ms) for wait_ms
    grove_lcd_rgb_backlight.o(.text) refers to I2C.o(i._ZN4mbed3I2CC1E7PinNameS1_) for mbed::I2C::I2C(PinName, PinName)
    grove_lcd_rgb_backlight.o(.text) refers to grove_lcd_rgb_backlight.o(.data) for _displaycontrol
    grove_lcd_rgb_backlight.o(.ARM.exidx) refers to grove_lcd_rgb_backlight.o(.text) for .text
    cmsis_nvic.o(i.NVIC_SetVector) refers to rt_memmove_w.o(.text) for __aeabi_memmove4
    system_LPC17xx.o(i.SystemCoreClockUpdate) refers to lludivv7m.o(.text) for __aeabi_uldivmod
    system_LPC17xx.o(i.SystemCoreClockUpdate) refers to system_LPC17xx.o(.data) for .data
    sys.o(.ARM.exidx) refers to sys.o(i.__user_setup_stackheap) for i.__user_setup_stackheap
    board.o(i.mbed_die) refers to gpio.o(i.gpio_init_out) for gpio_init_out
    board.o(i.mbed_die) refers to assert.o(i.mbed_assert_internal) for mbed_assert_internal
    board.o(i.mbed_die) refers to wait_api.o(i.wait_ms) for wait_ms
    board.o(i.mbed_die) refers to board.o(.constdata) for .constdata
    retarget.o(i.$Sub$$main) refers to retarget.o(i.mbed_sdk_init) for mbed_sdk_init
    retarget.o(i.$Sub$$main) refers to retarget.o(i.mbed_main) for mbed_main
    retarget.o(i.$Sub$$main) refers to main.o(.text) for $Super$$main
    retarget.o(i._ZN4mbed10FileHandleD0Ev) refers to delete.o(i._ZdlPv) for operator delete (void*)
    retarget.o(i._ZN4mbed10FileHandleD0Ev) refers to retarget.o(.constdata__ZTVN4mbed10FileHandleE) for vtable for mbed::FileHandle
    retarget.o(i._ZN4mbed10FileHandleD0Ev) refers to retarget.o(.bss) for .bss
    retarget.o(i._ZN4mbed10FileHandleD2Ev) refers to retarget.o(.constdata__ZTVN4mbed10FileHandleE) for vtable for mbed::FileHandle
    retarget.o(i._ZN4mbed10FileHandleD2Ev) refers to retarget.o(.bss) for .bss
    retarget.o(i._sys_close) refers to retarget.o(.bss) for .bss
    retarget.o(i._sys_ensure) refers to retarget.o(.bss) for .bss
    retarget.o(i._sys_flen) refers to retarget.o(.bss) for .bss
    retarget.o(i._sys_istty) refers to retarget.o(.bss) for .bss
    retarget.o(i._sys_open) refers to _scanf_int.o(.text) for _scanf_int
    retarget.o(i._sys_open) refers to strcmpv7m.o(.text) for strcmp
    retarget.o(i._sys_open) refers to serial_api.o(i.serial_init) for serial_init
    retarget.o(i._sys_open) refers to FilePath.o(i._ZN4mbed8FilePathC1EPKc) for mbed::FilePath::FilePath(const char*)
    retarget.o(i._sys_open) refers to FilePath.o(i._ZN4mbed8FilePath6existsEv) for mbed::FilePath::exists()
    retarget.o(i._sys_open) refers to FilePath.o(i._ZN4mbed8FilePath6isFileEv) for mbed::FilePath::isFile()
    retarget.o(i._sys_open) refers to FilePath.o(i._ZN4mbed8FilePath4fileEv) for mbed::FilePath::file()
[...]
    .init_array                              0x00005334   Section        4  main.o(.init_array)
    __lcctype_c_end                          0x00005334   Data           0  lc_ctype_c.o(locale$$data)
    .init_array                              0x00005338   Section        0  init_aeabi.o(.init_array)
    .data                                    0x100000c8   Section       32  main.o(.data)
    I                                        0x100000e0   Data           4  main.o(.data)
    err_prec                                 0x100000e4   Data           4  main.o(.data)
    .data                                    0x100000e8   Section        4  system_LPC17xx.o(.data)
    .data                                    0x100000ec   Section       32  pwmout_api.o(.data)
    pwm_clock_mhz                            0x100000ec   Data           4  pwmout_api.o(.data)
    .data                                    0x1000010c   Section       16  serial_api.o(.data)
    irq_handler                              0x10000110   Data           4  serial_api.o(.data)
    .data                                    0x1000011c   Section        4  us_ticker.o(.data)
    .data                                    0x10000120   Section        4  FileBase.o(.data)
    .data                                    0x10000124   Section        8  us_ticker_api.o(.data)
    head                                     0x10000124   Data           4  us_ticker_api.o(.data)
    event_handler                            0x10000128   Data           4  us_ticker_api.o(.data)
    .data                                    0x1000012c   Section        4  stdio_streams.o(.data)
    .data                                    0x10000130   Section        4  stdio_streams.o(.data)
    .data                                    0x10000134   Section        4  stdio_streams.o(.data)
    .data                                    0x10000138   Section        4  heapauxa.o(.data)
    __rt_heap_escrow_base                    0x10000138   Data           4  heapauxa.o(.data)
    .bss                                     0x1000013c   Section       36  main.o(.bss)
    .bss                                     0x10000160   Section       64  retarget.o(.bss)
    filehandles                              0x10000160   Data          64  retarget.o(.bss)
    .bss                                     0x100001a0   Section      224  serial_api.o(.bss)
    uart_data                                0x100001a0   Data         224  serial_api.o(.bss)
    .bss                                     0x10000280   Section       84  stdio_streams.o(.bss)
    .bss                                     0x100002d4   Section       84  stdio_streams.o(.bss)
    .bss                                     0x10000328   Section       84  stdio_streams.o(.bss)
    .bss                                     0x1000037c   Section        4  rt_heap_descriptor.o(.bss)
    __rt_heap_descriptor_data                0x1000037c   Data           4  rt_heap_descriptor.o(.bss)
    .bss                                     0x10000380   Section       20  rt_locale.o(.bss)
    __rt_locale_data                         0x10000380   Data          20  rt_locale.o(.bss)
    .bss                                     0x10000394   Section        4  rt_errno_addr.o(.bss)
    __aeabi_errno_addr_data                  0x10000394   Data           4  rt_errno_addr.o(.bss)

    Global Symbols

    Symbol Name                              Value     Ov Type        Size  Object(Section)

    BuildAttributes$$THM_ISAv4$P$D$K$B$S$PE$A:L22UL41UL21$X:L11$S22US41US21$IEEE1$IW$USESV6$~STKCKD$USESV7$~SHL$OTIME$ROPI$IEEEJ$EBA8$UX$STANDARDLIB$REQ8$PRES8$EABIv2 0x00000000   Number         0  anon$$obj.o ABSOLUTE
    __ARM_use_no_argv                        0x00000000   Number         0  main.o ABSOLUTE
    __Vectors                                0x00000000   Data           4  startup_LPC17xx.o(RESET)
    _printf_flags                            0x00000000   Number         0  printf_stubs.o ABSOLUTE
    _printf_return_value                     0x00000000   Number         0  printf_stubs.o ABSOLUTE
    _printf_sizespec                         0x00000000   Number         0  printf_stubs.o ABSOLUTE
    _printf_widthprec                        0x00000000   Number         0  printf_stubs.o ABSOLUTE
    SHT$$ARM_EXIDX$$Base                      - Undefined Reference
    SHT$$ARM_EXIDX$$Limit                     - Undefined Reference
    __ARM::default_unexpected_handler()       - Undefined Weak Reference
    __ARM_exceptions_buffer_required          - Undefined Weak Reference
    __ARM_exceptions_init                     - Undefined Weak Reference
    __aeabi_unwind_cpp_pr1                    - Undefined Weak Reference
    __aeabi_unwind_cpp_pr2                    - Undefined Weak Reference
    __alloca_initialize                       - Undefined Weak Reference
    __arm_preinit_                            - Undefined Weak Reference
    __cxa_begin_cleanup                       - Undefined Weak Reference
    __cxa_finalize                            - Undefined Weak Reference
    __cxa_type_match                          - Undefined Weak Reference
    __rt_lib_shutdown                         - Undefined Weak Reference
    __sigvec_lookup                           - Undefined Weak Reference
    __user_heap_extent                        - Undefined Weak Reference
    _atexit_init                              - Undefined Weak Reference
    _clock_init                               - Undefined Weak Reference
    _fp_trap_init                             - Undefined Weak Reference
    _fp_trap_shutdown                         - Undefined Weak Reference
    _get_lc_collate                           - Undefined Weak Reference
    _get_lc_monetary                          - Undefined Weak Reference
    _get_lc_time                              - Undefined Weak Reference
    _getenv_init                              - Undefined Weak Reference
    _handle_redirection                       - Undefined Weak Reference
    _mutex_acquire                            - Undefined Weak Reference
    _mutex_free                               - Undefined Weak Reference
    _mutex_release                            - Undefined Weak Reference
    _printf_mbtowc                            - Undefined Weak Reference
    _printf_wc                                - Undefined Weak Reference
    _rand_init                                - Undefined Weak Reference
    _scanf_longlong                           - Undefined Weak Reference
    _scanf_mbtowc                             - Undefined Weak Reference
    _scanf_real                               - Undefined Weak Reference
    _scanf_string                             - Undefined Weak Reference
    _scanf_wctomb                             - Undefined Weak Reference
    _scanf_wstring                            - Undefined Weak Reference
    _signal_finish                            - Undefined Weak Reference
    _signal_init                              - Undefined Weak Reference
    __main                                   0x000000c5   Thumb Code     8  __main.o(!!!main)
    __scatterload                            0x000000cd   Thumb Code     0  __scatter.o(!!!scatter)
    __scatterload_rt2                        0x000000cd   Thumb Code    44  __scatter.o(!!!scatter)
    __scatterload_rt2_thumb_only             0x000000cd   Thumb Code     0  __scatter.o(!!!scatter)
    __scatterload_null                       0x000000db   Thumb Code     0  __scatter.o(!!!scatter)
    __scatterload_copy                       0x00000101   Thumb Code    26  __scatter_copy.o(!!handler_copy)
    __scatterload_zeroinit                   0x0000011d   Thumb Code    28  __scatter_zi.o(!!handler_zi)
    _printf_n                                0x00000139   Thumb Code     0  _printf_n.o(.ARM.Collect$$_printf_percent$$00000001)
    _printf_percent                          0x00000139   Thumb Code     0  _printf_percent.o(.ARM.Collect$$_printf_percent$$00000000)
    _printf_p                                0x0000013f   Thumb Code     0  _printf_p.o(.ARM.Collect$$_printf_percent$$00000002)
    _printf_f                                0x00000145   Thumb Code     0  _printf_f.o(.ARM.Collect$$_printf_percent$$00000003)
    _printf_e                                0x0000014b   Thumb Code     0  _printf_e.o(.ARM.Collect$$_printf_percent$$00000004)
    _printf_g                                0x00000151   Thumb Code     0  _printf_g.o(.ARM.Collect$$_printf_percent$$00000005)
    _printf_a                                0x00000157   Thumb Code     0  _printf_a.o(.ARM.Collect$$_printf_percent$$00000006)
    _printf_ll                               0x0000015d   Thumb Code     0  _printf_ll.o(.ARM.Collect$$_printf_percent$$00000007)
    _printf_i                                0x00000167   Thumb Code     0  _printf_i.o(.ARM.Collect$$_printf_percent$$00000008)
    _printf_d                                0x0000016d   Thumb Code     0  _printf_d.o(.ARM.Collect$$_printf_percent$$00000009)
    _printf_u                                0x00000173   Thumb Code     0  _printf_u.o(.ARM.Collect$$_printf_percent$$0000000A)
    _printf_o                                0x00000179   Thumb Code     0  _printf_o.o(.ARM.Collect$$_printf_percent$$0000000B)
    _printf_x                                0x0000017f   Thumb Code     0  _printf_x.o(.ARM.Collect$$_printf_percent$$0000000C)
    _printf_lli                              0x00000185   Thumb Code     0  _printf_lli.o(.ARM.Collect$$_printf_percent$$0000000D)
    _printf_lld                              0x0000018b   Thumb Code     0  _printf_lld.o(.ARM.Collect$$_printf_percent$$0000000E)
    _printf_llu                              0x00000191   Thumb Code     0  _printf_llu.o(.ARM.Collect$$_printf_percent$$0000000F)
    _printf_llo                              0x00000197   Thumb Code     0  _printf_llo.o(.ARM.Collect$$_printf_percent$$00000010)
    _printf_llx                              0x0000019d   Thumb Code     0  _printf_llx.o(.ARM.Collect$$_printf_percent$$00000011)
    _printf_l                                0x000001a3   Thumb Code     0  _printf_l.o(.ARM.Collect$$_printf_percent$$00000012)
    _printf_c                                0x000001ad   Thumb Code     0  _printf_c.o(.ARM.Collect$$_printf_percent$$00000013)
    _printf_s                                0x000001b3   Thumb Code     0  _printf_s.o(.ARM.Collect$$_printf_percent$$00000014)
    _printf_lc                               0x000001b9   Thumb Code     0  _printf_lc.o(.ARM.Collect$$_printf_percent$$00000015)
    _printf_ls                               0x000001bf   Thumb Code     0  _printf_ls.o(.ARM.Collect$$_printf_percent$$00000016)
    _printf_percent_end                      0x000001c5   Thumb Code     0  _printf_percent_end.o(.ARM.Collect$$_printf_percent$$00000017)
    __rt_lib_init                            0x000001c9   Thumb Code     0  libinit.o(.ARM.Collect$$libinit$$00000000)
    __rt_lib_init_fp_1                       0x000001cb   Thumb Code     0  libinit2.o(.ARM.Collect$$libinit$$00000002)
    __rt_lib_init_heap_2                     0x000001cb   Thumb Code     0  libinit2.o(.ARM.Collect$$libinit$$00000005)
    __rt_lib_init_preinit_1                  0x000001cb   Thumb Code     0  libinit2.o(.ARM.Collect$$libinit$$00000004)
    __rt_lib_init_heap_1                     0x000001d3   Thumb Code     0  libinit2.o(.ARM.Collect$$libinit$$0000000A)
    __rt_lib_init_lc_common                  0x000001d3   Thumb Code     0  libinit2.o(.ARM.Collect$$libinit$$0000000F)
    __rt_lib_init_rand_1                     0x000001d3   Thumb Code     0  libinit2.o(.ARM.Collect$$libinit$$0000000E)
    __rt_lib_init_user_alloc_1               0x000001d3   Thumb Code     0  libinit2.o(.ARM.Collect$$libinit$$0000000C)
    __rt_lib_init_lc_collate_1               0x000001d9   Thumb Code     0  libinit2.o(.ARM.Collect$$libinit$$00000011)
    __rt_lib_init_lc_ctype_2                 0x000001d9   Thumb Code     0  libinit2.o(.ARM.Collect$$libinit$$00000012)
    __rt_lib_init_lc_ctype_1                 0x000001e5   Thumb Code     0  libinit2.o(.ARM.Collect$$libinit$$00000013)
    __rt_lib_init_lc_monetary_1              0x000001e5   Thumb Code     0  libinit2.o(.ARM.Collect$$libinit$$00000015)
    __rt_lib_init_lc_numeric_2               0x000001e5   Thumb Code     0  libinit2.o(.ARM.Collect$$libinit$$00000016)
    __rt_lib_init_atexit_1                   0x000001ef   Thumb Code     0  libinit2.o(.ARM.Collect$$libinit$$0000001B)
    __rt_lib_init_clock_1                    0x000001ef   Thumb Code     0  libinit2.o(.ARM.Collect$$libinit$$00000021)
    __rt_lib_init_fp_trap_1                  0x000001ef   Thumb Code     0  libinit2.o(.ARM.Collect$$libinit$$0000001F)
    __rt_lib_init_getenv_1                   0x000001ef   Thumb Code     0  libinit2.o(.ARM.Collect$$libinit$$00000023)
    __rt_lib_init_lc_numeric_1               0x000001ef   Thumb Code     0  libinit2.o(.ARM.Collect$$libinit$$00000017)
    __rt_lib_init_lc_time_1                  0x000001ef   Thumb Code     0  libinit2.o(.ARM.Collect$$libinit$$00000019)
    __rt_lib_init_signal_1                   0x000001ef   Thumb Code     0  libinit2.o(.ARM.Collect$$libinit$$0000001D)
    __rt_lib_init_stdio_2                    0x000001ef   Thumb Code     0  libinit2.o(.ARM.Collect$$libinit$$00000024)
    __rt_lib_init_alloca_1                   0x000001f3   Thumb Code     0  libinit2.o(.ARM.Collect$$libinit$$0000002E)
    __rt_lib_init_argv_1                     0x000001f3   Thumb Code     0  libinit2.o(.ARM.Collect$$libinit$$0000002C)
    __rt_lib_init_cpp_2                      0x000001f3   Thumb Code     0  libinit2.o(.ARM.Collect$$libinit$$00000031)
    __rt_lib_init_exceptions_1               0x000001f3   Thumb Code     0  libinit2.o(.ARM.Collect$$libinit$$00000030)
    __rt_lib_init_stdio_1                    0x000001f3   Thumb Code     0  libinit2.o(.ARM.Collect$$libinit$$00000025)
    __rt_lib_init_cpp_1                      0x000001f7   Thumb Code     0  libinit2.o(.ARM.Collect$$libinit$$00000032)
    __rt_lib_init_return                     0x000001f7   Thumb Code     0  libinit2.o(.ARM.Collect$$libinit$$00000033)
    __rt_entry                               0x000001f9   Thumb Code     0  __rtentry.o(.ARM.Collect$$rtentry$$00000000)
    __rt_entry_presh_1                       0x000001f9   Thumb Code     0  __rtentry2.o(.ARM.Collect$$rtentry$$00000002)
    __rt_entry_sh                            0x000001f9   Thumb Code     0  __rtentry4.o(.ARM.Collect$$rtentry$$00000004)
    __rt_lib_shutdown_stdio_2                0x000001f9   Thumb Code     0  libshutdown2.o(.ARM.Collect$$libshutdown$$00000004)
    __rt_entry_li                            0x000001ff   Thumb Code     0  __rtentry2.o(.ARM.Collect$$rtentry$$0000000A)
    __rt_entry_postsh_1                      0x000001ff   Thumb Code     0  __rtentry2.o(.ARM.Collect$$rtentry$$00000009)
    __rt_entry_main                          0x00000203   Thumb Code     0  __rtentry2.o(.ARM.Collect$$rtentry$$0000000D)
    __rt_entry_postli_1                      0x00000203   Thumb Code     0  __rtentry2.o(.ARM.Collect$$rtentry$$0000000C)
    Reset_Handler                            0x0000020d   Thumb Code     8  startup_LPC17xx.o(.text)
    _maybe_terminate_alloc                   0x0000020d   Thumb Code     0  maybetermalloc1.o(.emb_text)
    NMI_Handler                              0x00000215   Thumb Code     2  startup_LPC17xx.o(.text)
    HardFault_Handler                        0x00000217   Thumb Code     2  startup_LPC17xx.o(.text)
    MemManage_Handler                        0x00000219   Thumb Code     2  startup_LPC17xx.o(.text)
    BusFault_Handler                         0x0000021b   Thumb Code     2  startup_LPC17xx.o(.text)
    UsageFault_Handler                       0x0000021d   Thumb Code     2  startup_LPC17xx.o(.text)
    SVC_Handler                              0x0000021f   Thumb Code     2  startup_LPC17xx.o(.text)
    DebugMon_Handler                         0x00000221   Thumb Code     2  startup_LPC17xx.o(.text)
    PendSV_Handler                           0x00000223   Thumb Code     2  startup_LPC17xx.o(.text)
    SysTick_Handler                          0x00000225   Thumb Code     2  startup_LPC17xx.o(.text)
    ADC_IRQHandler                           0x00000227   Thumb Code     0  startup_LPC17xx.o(.text)
    BOD_IRQHandler                           0x00000227   Thumb Code     0  startup_LPC17xx.o(.text)
    CAN_IRQHandler                           0x00000227   Thumb Code     0  startup_LPC17xx.o(.text)
    DMA_IRQHandler                           0x00000227   Thumb Code     0  startup_LPC17xx.o(.text)
    EINT0_IRQHandler                         0x00000227   Thumb Code     0  startup_LPC17xx.o(.text)
    EINT1_IRQHandler                         0x00000227   Thumb Code     0  startup_LPC17xx.o(.text)
    EINT2_IRQHandler                         0x00000227   Thumb Code     0  startup_LPC17xx.o(.text)
    EINT3_IRQHandler                         0x00000227   Thumb Code     0  startup_LPC17xx.o(.text)
    ENET_IRQHandler                          0x00000227   Thumb Code     0  startup_LPC17xx.o(.text)
    I2C0_IRQHandler                          0x00000227   Thumb Code     0  startup_LPC17xx.o(.text)
    I2C1_IRQHandler                          0x00000227   Thumb Code     0  startup_LPC17xx.o(.text)
    I2C2_IRQHandler                          0x00000227   Thumb Code     0  startup_LPC17xx.o(.text)
    I2S_IRQHandler                           0x00000227   Thumb Code     0  startup_LPC17xx.o(.text)
    MCPWM_IRQHandler                         0x00000227   Thumb Code     0  startup_LPC17xx.o(.text)
    PLL0_IRQHandler                          0x00000227   Thumb Code     0  startup_LPC17xx.o(.text)
    PLL1_IRQHandler                          0x00000227   Thumb Code     0  startup_LPC17xx.o(.text)
    PWM1_IRQHandler                          0x00000227   Thumb Code     0  startup_LPC17xx.o(.text)
    QEI_IRQHandler                           0x00000227   Thumb Code     0  startup_LPC17xx.o(.text)
    RIT_IRQHandler                           0x00000227   Thumb Code     0  startup_LPC17xx.o(.text)
    RTC_IRQHandler                           0x00000227   Thumb Code     0  startup_LPC17xx.o(.text)
    SPI_IRQHandler                           0x00000227   Thumb Code     0  startup_LPC17xx.o(.text)
    SSP0_IRQHandler                          0x00000227   Thumb Code     0  startup_LPC17xx.o(.text)
    SSP1_IRQHandler                          0x00000227   Thumb Code     0  startup_LPC17xx.o(.text)
    TIMER0_IRQHandler                        0x00000227   Thumb Code     0  startup_LPC17xx.o(.text)
    TIMER1_IRQHandler                        0x00000227   Thumb Code     0  startup_LPC17xx.o(.text)
    TIMER2_IRQHandler                        0x00000227   Thumb Code     0  startup_LPC17xx.o(.text)
    TIMER3_IRQHandler                        0x00000227   Thumb Code     0  startup_LPC17xx.o(.text)
    UART0_IRQHandler                         0x00000227   Thumb Code     0  startup_LPC17xx.o(.text)
    UART1_IRQHandler                         0x00000227   Thumb Code     0  startup_LPC17xx.o(.text)
    UART2_IRQHandler                         0x00000227   Thumb Code     0  startup_LPC17xx.o(.text)
    UART3_IRQHandler                         0x00000227   Thumb Code     0  startup_LPC17xx.o(.text)
    USB_IRQHandler                           0x00000227   Thumb Code     0  startup_LPC17xx.o(.text)
    WDT_IRQHandler                           0x00000227   Thumb Code     0  startup_LPC17xx.o(.text)
    vfprintf                                 0x00000231   Thumb Code    10  vfprintf.o(.text)
    __2fprintf                               0x0000023b   Thumb Code    20  __2fprintf.o(.text)
    _printf_str                              0x0000024f   Thumb Code    82  _printf_str.o(.text)
    __0sscanf                                0x000002a1   Thumb Code    52  __0sscanf.o(.text)
    _chval                                   0x000002dd   Thumb Code    28  _chval.o(.text)
    __use_no_heap                            0x000002f9   Thumb Code     2  hguard.o(.text)
    __heap$guard                             0x000002fb   Thumb Code     2  hguard.o(.text)
    init_mot()                               0x00000301   Thumb Code    20  main.o(.text)
    deplacement_pid()                        0x00000315   Thumb Code   272  main.o(.text)
    $Super$$main                             0x00000425   Thumb Code   142  main.o(.text)
    _printf_int_dec                          0x000005b5   Thumb Code   104  _printf_dec.o(.text)
    __printf                                 0x0000062d   Thumb Code   388  __printf_flags_ss_wp.o(.text)
    _scanf_int                               0x000007b5   Thumb Code   332  _scanf_int.o(.text)
    _do_fflush                               0x00000901   Thumb Code    54  fflush.o(.text)
    fflush                                   0x00000937   Thumb Code    42  fflush.o(.text)
    strlen                                   0x00000965   Thumb Code    62  strlen.o(.text)
    strncmp                                  0x000009a3   Thumb Code   150  strncmp.o(.text)
    __aeabi_memmove4                         0x00000a39   Thumb Code     0  rt_memmove_w.o(.text)
    __aeabi_memmove8                         0x00000a39   Thumb Code     0  rt_memmove_w.o(.text)
    __rt_memmove_w                           0x00000a39   Thumb Code   122  rt_memmove_w.o(.text)
    __memmove_aligned                        0x00000a5f   Thumb Code     0  rt_memmove_w.o(.text)
    __memmove_lastfew_aligned                0x00000a97   Thumb Code     0  rt_memmove_w.o(.text)
    __aeabi_memclr4                          0x00000ab3   Thumb Code     0  rt_memclr_w.o(.text)
    __aeabi_memclr8                          0x00000ab3   Thumb Code     0  rt_memclr_w.o(.text)
    __rt_memclr_w                            0x00000ab3   Thumb Code    78  rt_memclr_w.o(.text)
    _memset_w                                0x00000ab7   Thumb Code     0  rt_memclr_w.o(.text)
    strcmp                                   0x00000b01   Thumb Code   128  strcmpv7m.o(.text)
    __cpp_initialize__aeabi_                 0x00000b81   Thumb Code    26  init_aeabi.o(.text)
    malloc                                   0x00000ba5   Thumb Code    94  h1_alloc.o(.text)
    free                                     0x00000c03   Thumb Code    78  h1_free.o(.text)
    _printf_pre_padding                      0x00000c51   Thumb Code    44  _printf_pad.o(.text)
    _printf_post_padding                     0x00000c7d   Thumb Code    34  _printf_pad.o(.text)
    _printf_truncate_signed                  0x00000c9f   Thumb Code    18  _printf_truncate.o(.text)
    _printf_truncate_unsigned                0x00000cb1   Thumb Code    18  _printf_truncate.o(.text)
    _printf_int_common                       0x00000cc3   Thumb Code   178  _printf_intcommon.o(.text)
    _printf_charcount                        0x00000d75   Thumb Code    40  _printf_charcount.o(.text)
    _printf_cs_common                        0x00000d9d   Thumb Code    20  _printf_char.o(.text)
    _printf_char                             0x00000db1   Thumb Code    16  _printf_char.o(.text)
    _printf_string                           0x00000dc1   Thumb Code     8  _printf_char.o(.text)
    _printf_char_file                        0x00000dc9   Thumb Code    32  _printf_char_file.o(.text)
    _printf_wctomb                           0x00000ded   Thumb Code   182  _printf_wctomb.o(.text)
    _printf_longlong_dec                     0x00000ea9   Thumb Code   108  _printf_longlong_dec.o(.text)
    _printf_longlong_oct                     0x00000f25   Thumb Code    66  _printf_oct_int_ll.o(.text)
    _printf_int_oct                          0x00000f67   Thumb Code    24  _printf_oct_int_ll.o(.text)
    _printf_ll_oct                           0x00000f7f   Thumb Code    12  _printf_oct_int_ll.o(.text)
    _printf_longlong_hex                     0x00000f95   Thumb Code    86  _printf_hex_int_ll_ptr.o(.text)
    _printf_int_hex                          0x00000feb   Thumb Code    28  _printf_hex_int_ll_ptr.o(.text)
    _printf_ll_hex                           0x00001007   Thumb Code    12  _printf_hex_int_ll_ptr.o(.text)
    _printf_hex_ptr                          0x00001013   Thumb Code    18  _printf_hex_int_ll_ptr.o(.text)
    __vfscanf_char                           0x00001035   Thumb Code    24  scanf_char.o(.text)
    _sgetc                                   0x00001055   Thumb Code    30  _sgetc.o(.text)
    _sbackspace                              0x00001073   Thumb Code    34  _sgetc.o(.text)
    _fseek                                   0x00001095   Thumb Code   242  fseek.o(.text)
    fseek                                    0x00001095   Thumb Code     0  fseek.o(.text)
    _seterr                                  0x0000118d   Thumb Code    20  stdio.o(.text)
    _writebuf                                0x000011a1   Thumb Code    84  stdio.o(.text)
    _fflush                                  0x000011f5   Thumb Code    70  stdio.o(.text)
    _deferredlazyseek                        0x0000123b   Thumb Code    60  stdio.o(.text)
    _initio                                  0x0000127d   Thumb Code   210  initio.o(.text)
    _terminateio                             0x0000134f   Thumb Code    56  initio.o(.text)
    __aeabi_memcpy4                          0x000013b5   Thumb Code     0  rt_memcpy_w.o(.text)
    __aeabi_memcpy8                          0x000013b5   Thumb Code     0  rt_memcpy_w.o(.text)
    __rt_memcpy_w                            0x000013b5   Thumb Code   100  rt_memcpy_w.o(.text)
    _memcpy_lastbytes_aligned                0x000013fd   Thumb Code     0  rt_memcpy_w.o(.text)
    __rt_heap_descriptor                     0x00001419   Thumb Code     8  rt_heap_descriptor.o(.text)
    _terminate_user_alloc                    0x00001421   Thumb Code     2  init_alloc.o(.text)
    _init_user_alloc                         0x00001423   Thumb Code     2  init_alloc.o(.text)
    __Heap_Full                              0x00001425   Thumb Code    34  init_alloc.o(.text)
    __Heap_Broken                            0x00001447   Thumb Code     6  init_alloc.o(.text)
    _init_alloc                              0x0000144d   Thumb Code    94  init_alloc.o(.text)
    __Heap_Initialize                        0x000014ab   Thumb Code    10  h1_init.o(.text)
    __Heap_DescSize                          0x000014b5   Thumb Code     4  h1_init.o(.text)
    _ll_udiv10                               0x000014b9   Thumb Code   138  lludiv10.o(.text)
    isspace                                  0x00001543   Thumb Code    18  isspace.o(.text)
    __lib_sel_fp_printf                      0x00001555   Thumb Code     2  _printf_fp_dec.o(.text)
    _printf_fp_dec_real                      0x00001707   Thumb Code   620  _printf_fp_dec.o(.text)
    _printf_fp_hex_real                      0x00001975   Thumb Code   756  _printf_fp_hex.o(.text)
    _printf_char_common                      0x00001c7b   Thumb Code    32  _printf_char_common.o(.text)
    _printf_lcs_common                       0x00001ca1   Thumb Code    20  _printf_wchar.o(.text)
    _printf_wchar                            0x00001cb5   Thumb Code    16  _printf_wchar.o(.text)
    _printf_wstring                          0x00001cc5   Thumb Code     8  _printf_wchar.o(.text)
    __vfscanf                                0x00001ccd   Thumb Code   878  _scanf.o(.text)
    ferror                                   0x00002041   Thumb Code     8  ferror.o(.text)
    _ftell_internal                          0x00002049   Thumb Code    66  ftell.o(.text)
    ftell                                    0x00002049   Thumb Code     0  ftell.o(.text)
    setvbuf                                  0x0000208b   Thumb Code    70  setvbuf.o(.text)
    freopen                                  0x000020d1   Thumb Code   158  fopen.o(.text)
    fopen                                    0x0000216f   Thumb Code    74  fopen.o(.text)
    _fclose_internal                         0x000021bd   Thumb Code    76  fclose.o(.text)
    fclose                                   0x000021bd   Thumb Code     0  fclose.o(.text)
    _wcrtomb                                 0x00002209   Thumb Code    64  _wcrtomb.o(.text)
    __sig_exit                               0x00002249   Thumb Code    10  defsig_exit.o(.text)
    __rt_SIGRTRED                            0x00002253   Thumb Code    14  defsig_rtred_outer.o(.text)
    _sys_exit                                0x00002261   Thumb Code     8  sys_exit.o(.text)
    __rt_ctype_table                         0x0000226d   Thumb Code    16  rt_ctype_table.o(.text)
    __rt_locale                              0x0000227d   Thumb Code     8  rt_locale.o(.text)
    __aeabi_errno_addr                       0x00002285   Thumb Code     8  rt_errno_addr.o(.text)
    __errno                                  0x00002285   Thumb Code     0  rt_errno_addr.o(.text)
    __rt_errno_addr                          0x00002285   Thumb Code     0  rt_errno_addr.o(.text)
    __Heap_ProvideMemory                     0x0000228d   Thumb Code    52  h1_extend.o(.text)
    _printf_fp_infnan                        0x000022c1   Thumb Code   112  _printf_fp_infnan.o(.text)
    _btod_etento                             0x00002341   Thumb Code   224  bigflt0.o(.text)
    __flsbuf                                 0x00002425   Thumb Code   470  flsbuf.o(.text)
    __flsbuf_byte                            0x00002425   Thumb Code     0  flsbuf.o(.text)
    __flsbuf_wide                            0x00002425   Thumb Code     0  flsbuf.o(.text)
    __default_signal_display                 0x000025fb   Thumb Code    50  defsig_general.o(.text)
    __rt_SIGRTRED_inner                      0x0000262d   Thumb Code    14  defsig_rtred_inner.o(.text)
    __rt_SIGRTMEM                            0x00002661   Thumb Code    14  defsig_rtmem_outer.o(.text)
    __rt_heap_escrow                         0x00002671   Thumb Code    22  heapauxa.o(.text)
    __rt_heap_expand                         0x00002687   Thumb Code    52  heapauxa.o(.text)
    _ttywrch                                 0x000026c1   Thumb Code    14  sys_wrch.o(.text)
    __I$use$semihosting                      0x000026cf   Thumb Code     0  use_no_semi.o(.text)
    __use_no_semihosting_swi                 0x000026cf   Thumb Code     2  use_no_semi.o(.text)
    __rt_SIGRTMEM_inner                      0x000026d1   Thumb Code    22  defsig_rtmem_inner.o(.text)
    __semihosting_library_function           0x000026d1   Thumb Code     0  indicate_semi.o(.text)
    _btod_d2e                                0x00002721   Thumb Code    62  btod.o(CL$$btod_d2e)
    _d2e_denorm_low                          0x0000275f   Thumb Code    70  btod.o(CL$$btod_d2e_denorm_low)
    _d2e_norm_op1                            0x000027a5   Thumb Code    96  btod.o(CL$$btod_d2e_norm_op1)
    __btod_div_common                        0x00002805   Thumb Code   696  btod.o(CL$$btod_div_common)
    _e2e                                     0x00002b3d   Thumb Code   220  btod.o(CL$$btod_e2e)
    _btod_ediv                               0x00002c19   Thumb Code    42  btod.o(CL$$btod_ediv)
    _btod_emul                               0x00002c43   Thumb Code    42  btod.o(CL$$btod_emul)
    __btod_mult_common                       0x00002c6d   Thumb Code   580  btod.o(CL$$btod_mult_common)
    main                                     0x00002eb1   Thumb Code    18  retarget.o(i.$Sub$$main)
    NVIC_SetVector                           0x00002ec5   Thumb Code   102  cmsis_nvic.o(i.NVIC_SetVector)
    SystemInit                               0x00002f31   Thumb Code   150  system_LPC17xx.o(i.SystemInit)
    mbed::Timer::Timer()                     0x00002fd1   Thumb Code    24  Timer.o(i._ZN4mbed5TimerC1Ev)
    mbed::Timer::Timer__sub_object()         0x00002fd1   Thumb Code     0  Timer.o(i._ZN4mbed5TimerC1Ev)
    mbed::PwmOut::period(float)              0x00002fe9   Thumb Code    16  main.o(i._ZN4mbed6PwmOut6periodEf)
    mbed::PwmOut::PwmOut(PinName)            0x00002ff9   Thumb Code    18  main.o(i._ZN4mbed6PwmOutC1E7PinName)
    mbed::PwmOut::PwmOut__sub_object(PinName) 0x00002ff9   Thumb Code     0  main.o(i._ZN4mbed6PwmOutC1E7PinName)
    mbed::PwmOut::operator =(float)          0x0000300b   Thumb Code    22  main.o(i._ZN4mbed6PwmOutaSEf)
    mbed::AnalogIn::read()                   0x00003021   Thumb Code    12  main.o(i._ZN4mbed8AnalogIn4readEv)
    mbed::AnalogIn::AnalogIn(PinName)        0x0000302d   Thumb Code    18  main.o(i._ZN4mbed8AnalogInC1E7PinName)
    mbed::AnalogIn::AnalogIn__sub_object(PinName) 0x0000302d   Thumb Code     0  main.o(i._ZN4mbed8AnalogInC1E7PinName)
    mbed::FileBase::getPathType()            0x0000303f   Thumb Code     4  FileBase.o(i._ZN4mbed8FileBase11getPathTypeEv)
    mbed::FileBase::lookup(const char*, unsigned) 0x00003045   Thumb Code    50  FileBase.o(i._ZN4mbed8FileBase6lookupEPKcj)
    mbed::FilePath::fileSystem()             0x0000307d   Thumb Code    24  FilePath.o(i._ZN4mbed8FilePath10fileSystemEv)
    mbed::FilePath::file()                   0x00003095   Thumb Code    28  FilePath.o(i._ZN4mbed8FilePath4fileEv)
    mbed::FilePath::exists()                 0x000030b1   Thumb Code    10  FilePath.o(i._ZN4mbed8FilePath6existsEv)
    mbed::FilePath::isFile()                 0x000030bb   Thumb Code    24  FilePath.o(i._ZN4mbed8FilePath6isFileEv)
    mbed::FilePath::fileName()               0x000030d3   Thumb Code     4  FilePath.o(i._ZN4mbed8FilePath8fileNameEv)
    mbed::FilePath::FilePath(const char*)    0x000030d7   Thumb Code    64  FilePath.o(i._ZN4mbed8FilePathC1EPKc)
    mbed::FilePath::FilePath__sub_object(const char*) 0x000030d7   Thumb Code     0  FilePath.o(i._ZN4mbed8FilePathC1EPKc)
    __ARM_fpclassify                         0x00003117   Thumb Code    40  fpclassify.o(i.__ARM_fpclassify)
    __user_setup_stackheap                   0x00003141   Thumb Code    10  sys.o(i.__user_setup_stackheap)
    _is_digit                                0x00003151   Thumb Code    14  __printf_wp.o(i._is_digit)
    _sys_close                               0x00003161   Thumb Code    40  retarget.o(i._sys_close)
    _sys_flen                                0x0000318d   Thumb Code    34  retarget.o(i._sys_flen)
    _sys_istty                               0x000031b5   Thumb Code    34  retarget.o(i._sys_istty)
    _sys_open                                0x000031dd   Thumb Code   300  retarget.o(i._sys_open)
    _sys_seek                                0x00003329   Thumb Code    36  retarget.o(i._sys_seek)
    _sys_write                               0x00003351   Thumb Code    82  retarget.o(i._sys_write)
    analogin_init                            0x000033b5   Thumb Code   102  analogin_api.o(i.analogin_init)
    analogin_read                            0x0000344d   Thumb Code   200  analogin_api.o(i.analogin_read)
    error                                    0x0000351d   Thumb Code    20  error.o(i.error)
    exit                                     0x00003535   Thumb Code    36  exit.o(i.exit)
    fputc                                    0x00003561   Thumb Code    26  fputc.o(i.fputc)
    gpio_dir                                 0x0000357d   Thumb Code    52  gpio_api.o(i.gpio_dir)
    gpio_init                                0x000035cd   Thumb Code    56  gpio_api.o(i.gpio_init)
    gpio_init_in                             0x00003605   Thumb Code    38  gpio.o(i.gpio_init_in)
    gpio_init_out                            0x0000362d   Thumb Code    62  gpio.o(i.gpio_init_out)
    gpio_init_out_ex                         0x00003671   Thumb Code    74  gpio.o(i.gpio_init_out_ex)
    gpio_mode                                0x000036c1   Thumb Code     6  gpio_api.o(i.gpio_mode)
    mbed_assert_internal                     0x000036c9   Thumb Code    24  assert.o(i.mbed_assert_internal)
    mbed_die                                 0x00003719   Thumb Code   242  board.o(i.mbed_die)
    mbed_interface_connected                 0x00003821   Thumb Code     4  mbed_interface.o(i.mbed_interface_connected)
    mbed_main                                0x00003825   Thumb Code     2  retarget.o(i.mbed_main)
    mbed_sdk_init                            0x00003827   Thumb Code     2  retarget.o(i.mbed_sdk_init)
    pin_function                             0x00003829   Thumb Code    62  pinmap.o(i.pin_function)
    pin_mode                                 0x00003885   Thumb Code   104  pinmap.o(i.pin_mode)
    pinmap_find_peripheral                   0x00003909   Thumb Code    30  pinmap_common.o(i.pinmap_find_peripheral)
    pinmap_merge                             0x00003929   Thumb Code    34  pinmap_common.o(i.pinmap_merge)
    pinmap_peripheral                        0x00003961   Thumb Code    54  pinmap_common.o(i.pinmap_peripheral)
    pinmap_pinout                            0x000039b9   Thumb Code    60  pinmap_common.o(i.pinmap_pinout)
    pwmout_init                              0x00003a09   Thumb Code   200  pwmout_api.o(i.pwmout_init)
    pwmout_period                            0x00003b05   Thumb Code    64  pwmout_api.o(i.pwmout_period)
    pwmout_write                             0x00003b51   Thumb Code    72  pwmout_api.o(i.pwmout_write)
    semihost_connected                       0x00003b9d   Thumb Code    10  semihost_api.o(i.semihost_connected)
    semihost_exit                            0x00003bad   Thumb Code    12  semihost_api.o(i.semihost_exit)
    serial_baud                              0x00003bb9   Thumb Code   408  serial_api.o(i.serial_baud)
    serial_format                            0x00003d7d   Thumb Code   154  serial_api.o(i.serial_format)
    serial_init                              0x00003e1d   Thumb Code   318  serial_api.o(i.serial_init)
    serial_putc                              0x00004059   Thumb Code   100  serial_api.o(i.serial_putc)
    serial_set_flow_control                  0x000040c1   Thumb Code   252  serial_api.o(i.serial_set_flow_control)
    uart0_irq                                0x000041cd   Thumb Code    14  serial_api.o(i.uart0_irq)
    uart1_irq                                0x000041e1   Thumb Code    14  serial_api.o(i.uart1_irq)
    uart2_irq                                0x000041f5   Thumb Code    14  serial_api.o(i.uart2_irq)
    uart3_irq                                0x00004209   Thumb Code    14  serial_api.o(i.uart3_irq)
    us_ticker_clear_interrupt                0x00004281   Thumb Code     8  us_ticker.o(i.us_ticker_clear_interrupt)
    us_ticker_disable_interrupt              0x0000428d   Thumb Code    12  us_ticker.o(i.us_ticker_disable_interrupt)
    us_ticker_irq_handler                    0x0000429d   Thumb Code    62  us_ticker_api.o(i.us_ticker_irq_handler)
    us_ticker_read                           0x000042e1   Thumb Code    72  us_ticker.o(i.us_ticker_read)
    us_ticker_set_interrupt                  0x00004341   Thumb Code    14  us_ticker.o(i.us_ticker_set_interrupt)
    wait                                     0x00004355   Thumb Code    32  wait_api.o(i.wait)
    wait_ms                                  0x00004379   Thumb Code    28  wait_api.o(i.wait_ms)
    _get_lc_numeric                          0x00004395   Thumb Code    44  lc_numeric_c.o(locale$$code)
    _get_lc_ctype                            0x000043c1   Thumb Code    44  lc_ctype_c.o(locale$$code)
    __fpl_dcmp_Inf                           0x000043ed   Thumb Code    24  dcmpi.o(x$fpl$dcmpinf)
    __aeabi_cdcmple                          0x00004405   Thumb Code     0  dleqf.o(x$fpl$dleqf)
    _dcmple                                  0x00004405   Thumb Code   120  dleqf.o(x$fpl$dleqf)
    __fpl_dcmple_InfNaN                      0x00004467   Thumb Code     0  dleqf.o(x$fpl$dleqf)
    __fpl_dnaninf                            0x0000447d   Thumb Code   156  dnaninf.o(x$fpl$dnaninf)
    __fpl_dretinf                            0x00004519   Thumb Code    12  dretinf.o(x$fpl$dretinf)
    __aeabi_cdrcmple                         0x00004525   Thumb Code     0  drleqf.o(x$fpl$drleqf)
    _drcmple                                 0x00004525   Thumb Code   108  drleqf.o(x$fpl$drleqf)
    __aeabi_f2d                              0x00004591   Thumb Code     0  f2d.o(x$fpl$f2d)
    _f2d                                     0x00004591   Thumb Code    86  f2d.o(x$fpl$f2d)
    __aeabi_fadd                             0x000045e9   Thumb Code     0  faddsub_clz.o(x$fpl$fadd)
    _fadd                                    0x000045e9   Thumb Code   196  faddsub_clz.o(x$fpl$fadd)
    __fpl_fcmp_Inf                           0x000046ad   Thumb Code    24  fcmpi.o(x$fpl$fcmpinf)
    __aeabi_f2iz                             0x000046c5   Thumb Code     0  ffix.o(x$fpl$ffix)
    _ffix                                    0x000046c5   Thumb Code    54  ffix.o(x$fpl$ffix)
    __aeabi_f2uiz                            0x000046fd   Thumb Code     0  ffixu.o(x$fpl$ffixu)
    _ffixu                                   0x000046fd   Thumb Code    62  ffixu.o(x$fpl$ffixu)
    __aeabi_ui2f                             0x0000473d   Thumb Code     0  fflt_clz.o(x$fpl$ffltu)
    _ffltu                                   0x0000473d   Thumb Code    38  fflt_clz.o(x$fpl$ffltu)
    __aeabi_cfcmple                          0x00004765   Thumb Code     0  fleqf.o(x$fpl$fleqf)
    _fcmple                                  0x00004765   Thumb Code   104  fleqf.o(x$fpl$fleqf)
    __fpl_fcmple_InfNaN                      0x000047b7   Thumb Code     0  fleqf.o(x$fpl$fleqf)
    __aeabi_fmul                             0x000047cd   Thumb Code     0  fmul.o(x$fpl$fmul)
    _fmul                                    0x000047cd   Thumb Code   258  fmul.o(x$fpl$fmul)
    __fpl_fnaninf                            0x000048cf   Thumb Code   140  fnaninf.o(x$fpl$fnaninf)
    __fpl_fretinf                            0x0000495b   Thumb Code    10  fretinf.o(x$fpl$fretinf)
    __aeabi_cfrcmple                         0x00004965   Thumb Code     0  frleqf.o(x$fpl$frleqf)
    _frcmple                                 0x00004965   Thumb Code    98  frleqf.o(x$fpl$frleqf)
    __aeabi_fsub                             0x000049c9   Thumb Code     0  faddsub_clz.o(x$fpl$fsub)
    _fsub                                    0x000049c9   Thumb Code   234  faddsub_clz.o(x$fpl$fsub)
    _printf_fp_dec                           0x00004ab3   Thumb Code     4  printf1.o(x$fpl$printf1)
    _printf_fp_hex                           0x00004ab7   Thumb Code     4  printf2.o(x$fpl$printf2)
    __I$use$fp                               0x00004aba   Number         0  usenofp.o(x$fpl$usenofp)
    __stdin_name                             0x00004b23   Data           7  retarget.o(.constdata)
    __stdout_name                            0x00004b2a   Data           8  retarget.o(.constdata)
    __stderr_name                            0x00004b32   Data           8  retarget.o(.constdata)
    Region$$Table$$Base                      0x000051e8   Number         0  anon$$obj.o(Region$$Table)
    Region$$Table$$Limit                     0x00005208   Number         0  anon$$obj.o(Region$$Table)
    __ctype                                  0x00005231   Data           0  lc_ctype_c.o(locale$$data)
    SHT$$INIT_ARRAY$$Base                    0x00005334   Number         0  main.o(.init_array)
    SHT$$INIT_ARRAY$$Limit                   0x00005338   Number         0  init_aeabi.o(.init_array)
    ldr1                                     0x100000c8   Data           1  main.o(.data)
    ldr2                                     0x100000c9   Data           1  main.o(.data)
    potmet                                   0x100000ca   Data           1  main.o(.data)
    mot1                                     0x100000cc   Data           8  main.o(.data)
    mot2                                     0x100000d4   Data           8  main.o(.data)
    stop                                     0x100000dc   Data           1  main.o(.data)
    obs                                      0x100000dd   Data           1  main.o(.data)
    SystemCoreClock                          0x100000e8   Data           4  system_LPC17xx.o(.data)
    PWM_MATCH                                0x100000f0   Data          28  pwmout_api.o(.data)
    stdio_uart_inited                        0x1000010c   Data           4  serial_api.o(.data)
    stdio_uart                               0x10000114   Data           8  serial_api.o(.data)
    us_ticker_inited                         0x1000011c   Data           4  us_ticker.o(.data)
    mbed::FileBase::_head                    0x10000120   Data           4  FileBase.o(.data)
    __aeabi_stdin                            0x1000012c   Data           4  stdio_streams.o(.data)
    __aeabi_stdout                           0x10000130   Data           4  stdio_streams.o(.data)
    __aeabi_stderr                           0x10000134   Data           4  stdio_streams.o(.data)
    ir                                       0x1000013c   Data          24  main.o(.bss)
    t                                        0x10000154   Data          12  main.o(.bss)
    __stdin                                  0x10000280   Data          84  stdio_streams.o(.bss)
    __stdout                                 0x100002d4   Data          84  stdio_streams.o(.bss)
    __stderr                                 0x10000328   Data          84  stdio_streams.o(.bss)
    Image$$RW_IRAM1$$ZI$$Limit               0x10000398   Number         0  anon$$obj.o ABSOLUTE



==============================================================================

Memory Map of the image

  Image Entry point : 0x000000c5

  Load Region LR_IROM1 (Base: 0x00000000, Size: 0x000053ac, Max: 0x00080000, ABSOLUTE)

    Execution Region ER_IROM1 (Exec base: 0x00000000, Load base: 0x00000000, Size: 0x00005338, Max: 0x00080000, ABSOLUTE)

    Exec Addr    Load Addr    Size         Type   Attr      Idx    E Section Name        Object

    0x00000000   0x00000000   0x000000c4   Data   RO          540    RESET               startup_LPC17xx.o
    0x000000c4   0x000000c4   0x00000008   Code   RO         1065  * !!!main             c_w.l(__main.o)
    0x000000cc   0x000000cc   0x00000034   Code   RO         1793    !!!scatter          c_w.l(__scatter.o)
    0x00000100   0x00000100   0x0000001a   Code   RO         1795    !!handler_copy      c_w.l(__scatter_copy.o)
    0x0000011a   0x0000011a   0x00000002   PAD
    0x0000011c   0x0000011c   0x0000001c   Code   RO         1797    !!handler_zi        c_w.l(__scatter_zi.o)
    0x00000138   0x00000138   0x00000000   Code   RO         1038    .ARM.Collect$$_printf_percent$$00000000  c_w.l(_printf_percent.o)
    0x00000138   0x00000138   0x00000006   Code   RO         1342    .ARM.Collect$$_printf_percent$$00000001  c_w.l(_printf_n.o)
    0x0000013e   0x0000013e   0x00000006   Code   RO         1344    .ARM.Collect$$_printf_percent$$00000002  c_w.l(_printf_p.o)
    0x00000144   0x00000144   0x00000006   Code   RO         1348    .ARM.Collect$$_printf_percent$$00000003  c_w.l(_printf_f.o)
    0x0000014a   0x0000014a   0x00000006   Code   RO         1349    .ARM.Collect$$_printf_percent$$00000004  c_w.l(_printf_e.o)
    0x00000150   0x00000150   0x00000006   Code   RO         1350    .ARM.Collect$$_printf_percent$$00000005  c_w.l(_printf_g.o)
    0x00000156   0x00000156   0x00000006   Code   RO         1351    .ARM.Collect$$_printf_percent$$00000006  c_w.l(_printf_a.o)
    0x0000015c   0x0000015c   0x0000000a   Code   RO         1356    .ARM.Collect$$_printf_percent$$00000007  c_w.l(_printf_ll.o)
    0x00000166   0x00000166   0x00000006   Code   RO         1346    .ARM.Collect$$_printf_percent$$00000008  c_w.l(_printf_i.o)
    0x0000016c   0x0000016c   0x00000006   Code   RO         1037    .ARM.Collect$$_printf_percent$$00000009  c_w.l(_printf_d.o)
    0x00000172   0x00000172   0x00000006   Code   RO         1347    .ARM.Collect$$_printf_percent$$0000000A  c_w.l(_printf_u.o)
    0x00000178   0x00000178   0x00000006   Code   RO         1345    .ARM.Collect$$_printf_percent$$0000000B  c_w.l(_printf_o.o)
    0x0000017e   0x0000017e   0x00000006   Code   RO         1343    .ARM.Collect$$_printf_percent$$0000000C  c_w.l(_printf_x.o)
    0x00000184   0x00000184   0x00000006   Code   RO         1353    .ARM.Collect$$_printf_percent$$0000000D  c_w.l(_printf_lli.o)
    0x0000018a   0x0000018a   0x00000006   Code   RO         1354    .ARM.Collect$$_printf_percent$$0000000E  c_w.l(_printf_lld.o)
    0x00000190   0x00000190   0x00000006   Code   RO         1355    .ARM.Collect$$_printf_percent$$0000000F  c_w.l(_printf_llu.o)
    0x00000196   0x00000196   0x00000006   Code   RO         1360    .ARM.Collect$$_printf_percent$$00000010  c_w.l(_printf_llo.o)
    0x0000019c   0x0000019c   0x00000006   Code   RO         1361    .ARM.Collect$$_printf_percent$$00000011  c_w.l(_printf_llx.o)
    0x000001a2   0x000001a2   0x0000000a   Code   RO         1357    .ARM.Collect$$_printf_percent$$00000012  c_w.l(_printf_l.o)
    0x000001ac   0x000001ac   0x00000006   Code   RO         1341    .ARM.Collect$$_printf_percent$$00000013  c_w.l(_printf_c.o)
    0x000001b2   0x000001b2   0x00000006   Code   RO         1036    .ARM.Collect$$_printf_percent$$00000014  c_w.l(_printf_s.o)
    0x000001b8   0x000001b8   0x00000006   Code   RO         1358    .ARM.Collect$$_printf_percent$$00000015  c_w.l(_printf_lc.o)
    0x000001be   0x000001be   0x00000006   Code   RO         1359    .ARM.Collect$$_printf_percent$$00000016  c_w.l(_printf_ls.o)
    0x000001c4   0x000001c4   0x00000004   Code   RO         1352    .ARM.Collect$$_printf_percent$$00000017  c_w.l(_printf_percent_end.o)
    0x000001c8   0x000001c8   0x00000002   Code   RO         1721    .ARM.Collect$$libinit$$00000000  c_w.l(libinit.o)
    0x000001ca   0x000001ca   0x00000000   Code   RO         1386    .ARM.Collect$$libinit$$00000002  c_w.l(libinit2.o)
    0x000001ca   0x000001ca   0x00000000   Code   RO         1388    .ARM.Collect$$libinit$$00000004  c_w.l(libinit2.o)
    0x000001ca   0x000001ca   0x00000008   Code   RO         1389    .ARM.Collect$$libinit$$00000005  c_w.l(libinit2.o)
    0x000001d2   0x000001d2   0x00000000   Code   RO         1391    .ARM.Collect$$libinit$$0000000A  c_w.l(libinit2.o)
    0x000001d2   0x000001d2   0x00000000   Code   RO         1393    .ARM.Collect$$libinit$$0000000C  c_w.l(libinit2.o)
    0x000001d2   0x000001d2   0x00000000   Code   RO         1395    .ARM.Collect$$libinit$$0000000E  c_w.l(libinit2.o)
    0x000001d2   0x000001d2   0x00000006   Code   RO         1396    .ARM.Collect$$libinit$$0000000F  c_w.l(libinit2.o)
    0x000001d8   0x000001d8   0x00000000   Code   RO         1398    .ARM.Collect$$libinit$$00000011  c_w.l(libinit2.o)
    0x000001d8   0x000001d8   0x0000000c   Code   RO         1399    .ARM.Collect$$libinit$$00000012  c_w.l(libinit2.o)
    0x000001e4   0x000001e4   0x00000000   Code   RO         1400    .ARM.Collect$$libinit$$00000013  c_w.l(libinit2.o)
    0x000001e4   0x000001e4   0x00000000   Code   RO         1402    .ARM.Collect$$libinit$$00000015  c_w.l(libinit2.o)
    0x000001e4   0x000001e4   0x0000000a   Code   RO         1403    .ARM.Collect$$libinit$$00000016  c_w.l(libinit2.o)
    0x000001ee   0x000001ee   0x00000000   Code   RO         1404    .ARM.Collect$$libinit$$00000017  c_w.l(libinit2.o)
    0x000001ee   0x000001ee   0x00000000   Code   RO         1406    .ARM.Collect$$libinit$$00000019  c_w.l(libinit2.o)
    0x000001ee   0x000001ee   0x00000000   Code   RO         1408    .ARM.Collect$$libinit$$0000001B  c_w.l(libinit2.o)
    0x000001ee   0x000001ee   0x00000000   Code   RO         1410    .ARM.Collect$$libinit$$0000001D  c_w.l(libinit2.o)
    0x000001ee   0x000001ee   0x00000000   Code   RO         1412    .ARM.Collect$$libinit$$0000001F  c_w.l(libinit2.o)
    0x000001ee   0x000001ee   0x00000000   Code   RO         1414    .ARM.Collect$$libinit$$00000021  c_w.l(libinit2.o)
    0x000001ee   0x000001ee   0x00000000   Code   RO         1416    .ARM.Collect$$libinit$$00000023  c_w.l(libinit2.o)
    0x000001ee   0x000001ee   0x00000004   Code   RO         1417    .ARM.Collect$$libinit$$00000024  c_w.l(libinit2.o)
    0x000001f2   0x000001f2   0x00000000   Code   RO         1418    .ARM.Collect$$libinit$$00000025  c_w.l(libinit2.o)
    0x000001f2   0x000001f2   0x00000000   Code   RO         1422    .ARM.Collect$$libinit$$0000002C  c_w.l(libinit2.o)
    0x000001f2   0x000001f2   0x00000000   Code   RO         1424    .ARM.Collect$$libinit$$0000002E  c_w.l(libinit2.o)
    0x000001f2   0x000001f2   0x00000000   Code   RO         1426    .ARM.Collect$$libinit$$00000030  c_w.l(libinit2.o)
    0x000001f2   0x000001f2   0x00000004   Code   RO         1427    .ARM.Collect$$libinit$$00000031  c_w.l(libinit2.o)
    0x000001f6   0x000001f6   0x00000000   Code   RO         1428    .ARM.Collect$$libinit$$00000032  c_w.l(libinit2.o)
    0x000001f6   0x000001f6   0x00000002   Code   RO         1429    .ARM.Collect$$libinit$$00000033  c_w.l(libinit2.o)
    0x000001f8   0x000001f8   0x00000000   Code   RO         1586    .ARM.Collect$$libshutdown$$00000004  c_w.l(libshutdown2.o)
    0x000001f8   0x000001f8   0x00000000   Code   RO         1225    .ARM.Collect$$rtentry$$00000000  c_w.l(__rtentry.o)
    0x000001f8   0x000001f8   0x00000000   Code   RO         1489    .ARM.Collect$$rtentry$$00000002  c_w.l(__rtentry2.o)
    0x000001f8   0x000001f8   0x00000006   Code   RO         1501    .ARM.Collect$$rtentry$$00000004  c_w.l(__rtentry4.o)
    0x000001fe   0x000001fe   0x00000000   Code   RO         1491    .ARM.Collect$$rtentry$$00000009  c_w.l(__rtentry2.o)
    0x000001fe   0x000001fe   0x00000004   Code   RO         1492    .ARM.Collect$$rtentry$$0000000A  c_w.l(__rtentry2.o)
    0x00000202   0x00000202   0x00000000   Code   RO         1494    .ARM.Collect$$rtentry$$0000000C  c_w.l(__rtentry2.o)
    0x00000202   0x00000202   0x00000008   Code   RO         1495    .ARM.Collect$$rtentry$$0000000D  c_w.l(__rtentry2.o)
    0x0000020a   0x0000020a   0x00000002   PAD
    0x0000020c   0x0000020c   0x00000000   Code   RO         1651    .emb_text           c_w.l(maybetermalloc1.o)
    0x0000020c   0x0000020c   0x00000024   Code   RO          542    .text               startup_LPC17xx.o
    0x00000230   0x00000230   0x0000000a   Code   RO         1004    .text               c_w.l(vfprintf.o)
    0x0000023a   0x0000023a   0x00000014   Code   RO         1006    .text               c_w.l(__2fprintf.o)
    0x0000024e   0x0000024e   0x00000052   Code   RO         1012    .text               c_w.l(_printf_str.o)
    0x000002a0   0x000002a0   0x0000003c   Code   RO         1039    .text               c_w.l(__0sscanf.o)
    0x000002dc   0x000002dc   0x0000001c   Code   RO         1362    .text               c_w.l(_chval.o)
    0x000002f8   0x000002f8   0x00000004   Code   RO         1512    .text               c_w.l(hguard.o)
    0x000002fc   0x000002fc   0x00000004   Code   RO          541    .ARM.__at_0x02FC    startup_LPC17xx.o
    0x00000300   0x00000300   0x000002b4   Code   RO            3    .text               main.o
    0x000005b4   0x000005b4   0x00000078   Code   RO         1014    .text               c_w.l(_printf_dec.o)
    0x0000062c   0x0000062c   0x00000188   Code   RO         1033    .text               c_w.l(__printf_flags_ss_wp.o)
    0x000007b4   0x000007b4   0x0000014c   Code   RO         1041    .text               c_w.l(_scanf_int.o)
    0x00000900   0x00000900   0x00000064   Code   RO         1043    .text               c_w.l(fflush.o)
    0x00000964   0x00000964   0x0000003e   Code   RO         1053    .text               c_w.l(strlen.o)
    0x000009a2   0x000009a2   0x00000096   Code   RO         1055    .text               c_w.l(strncmp.o)
    0x00000a38   0x00000a38   0x0000007a   Code   RO         1057    .text               c_w.l(rt_memmove_w.o)
    0x00000ab2   0x00000ab2   0x0000004e   Code   RO         1059    .text               c_w.l(rt_memclr_w.o)
    0x00000b00   0x00000b00   0x00000080   Code   RO         1063    .text               c_w.l(strcmpv7m.o)
    0x00000b80   0x00000b80   0x00000024   Code   RO         1070    .text               c_w.l(init_aeabi.o)
    0x00000ba4   0x00000ba4   0x0000005e   Code   RO         1239    .text               c_w.l(h1_alloc.o)
    0x00000c02   0x00000c02   0x0000004e   Code   RO         1241    .text               c_w.l(h1_free.o)
    0x00000c50   0x00000c50   0x0000004e   Code   RO         1297    .text               c_w.l(_printf_pad.o)
    0x00000c9e   0x00000c9e   0x00000024   Code   RO         1299    .text               c_w.l(_printf_truncate.o)
    0x00000cc2   0x00000cc2   0x000000b2   Code   RO         1301    .text               c_w.l(_printf_intcommon.o)
    0x00000d74   0x00000d74   0x00000028   Code   RO         1303    .text               c_w.l(_printf_charcount.o)
    0x00000d9c   0x00000d9c   0x0000002c   Code   RO         1305    .text               c_w.l(_printf_char.o)
    0x00000dc8   0x00000dc8   0x00000024   Code   RO         1307    .text               c_w.l(_printf_char_file.o)
    0x00000dec   0x00000dec   0x000000bc   Code   RO         1309    .text               c_w.l(_printf_wctomb.o)
    0x00000ea8   0x00000ea8   0x0000007c   Code   RO         1312    .text               c_w.l(_printf_longlong_dec.o)
    0x00000f24   0x00000f24   0x00000070   Code   RO         1318    .text               c_w.l(_printf_oct_int_ll.o)
    0x00000f94   0x00000f94   0x00000094   Code   RO         1338    .text               c_w.l(_printf_hex_int_ll_ptr.o)
    0x00001028   0x00001028   0x0000002c   Code   RO         1364    .text               c_w.l(scanf_char.o)
    0x00001054   0x00001054   0x00000040   Code   RO         1366    .text               c_w.l(_sgetc.o)
    0x00001094   0x00001094   0x000000f8   Code   RO         1368    .text               c_w.l(fseek.o)
    0x0000118c   0x0000118c   0x000000f0   Code   RO         1370    .text               c_w.l(stdio.o)
    0x0000127c   0x0000127c   0x00000138   Code   RO         1373    .text               c_w.l(initio.o)
    0x000013b4   0x000013b4   0x00000064   Code   RO         1381    .text               c_w.l(rt_memcpy_w.o)
    0x00001418   0x00001418   0x00000008   Code   RO         1507    .text               c_w.l(rt_heap_descriptor.o)
    0x00001420   0x00001420   0x0000008a   Code   RO         1514    .text               c_w.l(init_alloc.o)
    0x000014aa   0x000014aa   0x0000000e   Code   RO         1518    .text               c_w.l(h1_init.o)
    0x000014b8   0x000014b8   0x0000008a   Code   RO         1532    .text               c_w.l(lludiv10.o)
    0x00001542   0x00001542   0x00000012   Code   RO         1534    .text               c_w.l(isspace.o)
    0x00001554   0x00001554   0x0000041e   Code   RO         1536    .text               c_w.l(_printf_fp_dec.o)
    0x00001972   0x00001972   0x00000002   PAD
    0x00001974   0x00001974   0x000002fc   Code   RO         1538    .text               c_w.l(_printf_fp_hex.o)
    0x00001c70   0x00001c70   0x00000030   Code   RO         1541    .text               c_w.l(_printf_char_common.o)
    0x00001ca0   0x00001ca0   0x0000002c   Code   RO         1543    .text               c_w.l(_printf_wchar.o)
    0x00001ccc   0x00001ccc   0x00000374   Code   RO         1545    .text               c_w.l(_scanf.o)
    0x00002040   0x00002040   0x00000008   Code   RO         1547    .text               c_w.l(ferror.o)
    0x00002048   0x00002048   0x00000042   Code   RO         1553    .text               c_w.l(ftell.o)
    0x0000208a   0x0000208a   0x00000046   Code   RO         1555    .text               c_w.l(setvbuf.o)
    0x000020d0   0x000020d0   0x000000ec   Code   RO         1557    .text               c_w.l(fopen.o)
    0x000021bc   0x000021bc   0x0000004c   Code   RO         1559    .text               c_w.l(fclose.o)
    0x00002208   0x00002208   0x00000040   Code   RO         1569    .text               c_w.l(_wcrtomb.o)
    0x00002248   0x00002248   0x0000000a   Code   RO         1571    .text               c_w.l(defsig_exit.o)
    0x00002252   0x00002252   0x0000000e   Code   RO         1573    .text               c_w.l(defsig_rtred_outer.o)
    0x00002260   0x00002260   0x0000000c   Code   RO         1630    .text               c_w.l(sys_exit.o)
    0x0000226c   0x0000226c   0x00000010   Code   RO         1632    .text               c_w.l(rt_ctype_table.o)
    0x0000227c   0x0000227c   0x00000008   Code   RO         1634    .text               c_w.l(rt_locale.o)
    0x00002284   0x00002284   0x00000008   Code   RO         1644    .text               c_w.l(rt_errno_addr.o)
    0x0000228c   0x0000228c   0x00000034   Code   RO         1653    .text               c_w.l(h1_extend.o)
    0x000022c0   0x000022c0   0x00000080   Code   RO         1657    .text               c_w.l(_printf_fp_infnan.o)
    0x00002340   0x00002340   0x000000e4   Code   RO         1661    .text               c_w.l(bigflt0.o)
    0x00002424   0x00002424   0x000001d6   Code   RO         1686    .text               c_w.l(flsbuf.o)
    0x000025fa   0x000025fa   0x00000032   Code   RO         1695    .text               c_w.l(defsig_general.o)
    0x0000262c   0x0000262c   0x00000034   Code   RO         1701    .text               c_w.l(defsig_rtred_inner.o)
    0x00002660   0x00002660   0x0000000e   Code   RO         1703    .text               c_w.l(defsig_rtmem_outer.o)
    0x0000266e   0x0000266e   0x00000002   PAD
    0x00002670   0x00002670   0x00000050   Code   RO         1707    .text               c_w.l(heapauxa.o)
    0x000026c0   0x000026c0   0x0000000e   Code   RO         1741    .text               c_w.l(sys_wrch.o)
    0x000026ce   0x000026ce   0x00000002   Code   RO         1743    .text               c_w.l(use_no_semi.o)
    0x000026d0   0x000026d0   0x00000000   Code   RO         1745    .text               c_w.l(indicate_semi.o)
    0x000026d0   0x000026d0   0x00000050   Code   RO         1765    .text               c_w.l(defsig_rtmem_inner.o)
    0x00002720   0x00002720   0x0000003e   Code   RO         1664    CL$$btod_d2e        c_w.l(btod.o)
    0x0000275e   0x0000275e   0x00000046   Code   RO         1666    CL$$btod_d2e_denorm_low  c_w.l(btod.o)
    0x000027a4   0x000027a4   0x00000060   Code   RO         1665    CL$$btod_d2e_norm_op1  c_w.l(btod.o)
    0x00002804   0x00002804   0x00000338   Code   RO         1674    CL$$btod_div_common  c_w.l(btod.o)
    0x00002b3c   0x00002b3c   0x000000dc   Code   RO         1671    CL$$btod_e2e        c_w.l(btod.o)
    0x00002c18   0x00002c18   0x0000002a   Code   RO         1668    CL$$btod_ediv       c_w.l(btod.o)
    0x00002c42   0x00002c42   0x0000002a   Code   RO         1667    CL$$btod_emul       c_w.l(btod.o)
    0x00002c6c   0x00002c6c   0x00000244   Code   RO         1673    CL$$btod_mult_common  c_w.l(btod.o)
    0x00002eb0   0x00002eb0   0x00000012   Code   RO          436    i.$Sub$$main        retarget.o
    0x00002ec2   0x00002ec2   0x00000002   PAD
    0x00002ec4   0x00002ec4   0x0000006c   Code   RO          410    i.NVIC_SetVector    cmsis_nvic.o
    0x00002f30   0x00002f30   0x000000a0   Code   RO          418    i.SystemInit        system_LPC17xx.o
    0x00002fd0   0x00002fd0   0x00000018   Code   RO          756    i._ZN4mbed5TimerC1Ev  mbed.ar(Timer.o)
    0x00002fe8   0x00002fe8   0x00000010   Code   RO           25    i._ZN4mbed6PwmOut6periodEf  main.o
    0x00002ff8   0x00002ff8   0x00000012   Code   RO           49    i._ZN4mbed6PwmOutC1E7PinName  main.o
    0x0000300a   0x0000300a   0x00000016   Code   RO           31    i._ZN4mbed6PwmOutaSEf  main.o
    0x00003020   0x00003020   0x0000000c   Code   RO           37    i._ZN4mbed8AnalogIn4readEv  main.o
    0x0000302c   0x0000302c   0x00000012   Code   RO           43    i._ZN4mbed8AnalogInC1E7PinName  main.o
    0x0000303e   0x0000303e   0x00000004   Code   RO          877    i._ZN4mbed8FileBase11getPathTypeEv  mbed.ar(FileBase.o)
    0x00003042   0x00003042   0x00000002   PAD
    0x00003044   0x00003044   0x00000038   Code   RO          879    i._ZN4mbed8FileBase6lookupEPKcj  mbed.ar(FileBase.o)
    0x0000307c   0x0000307c   0x00000018   Code   RO          632    i._ZN4mbed8FilePath10fileSystemEv  mbed.ar(FilePath.o)
    0x00003094   0x00003094   0x0000001c   Code   RO          634    i._ZN4mbed8FilePath4fileEv  mbed.ar(FilePath.o)
    0x000030b0   0x000030b0   0x0000000a   Code   RO          635    i._ZN4mbed8FilePath6existsEv  mbed.ar(FilePath.o)
    0x000030ba   0x000030ba   0x00000018   Code   RO          636    i._ZN4mbed8FilePath6isFileEv  mbed.ar(FilePath.o)
    0x000030d2   0x000030d2   0x00000004   Code   RO          637    i._ZN4mbed8FilePath8fileNameEv  mbed.ar(FilePath.o)
    0x000030d6   0x000030d6   0x00000040   Code   RO          638    i._ZN4mbed8FilePathC1EPKc  mbed.ar(FilePath.o)
    0x00003116   0x00003116   0x00000028   Code   RO         1739    i.__ARM_fpclassify  m_ws.l(fpclassify.o)
    0x0000313e   0x0000313e   0x00000002   PAD
    0x00003140   0x00003140   0x00000010   Code   RO          424    i.__user_setup_stackheap  sys.o
    0x00003150   0x00003150   0x0000000e   Code   RO         1026    i._is_digit         c_w.l(__printf_wp.o)
    0x0000315e   0x0000315e   0x00000002   PAD
    0x00003160   0x00003160   0x0000002c   Code   RO          439    i._sys_close        retarget.o
    0x0000318c   0x0000318c   0x00000028   Code   RO          442    i._sys_flen         retarget.o
    0x000031b4   0x000031b4   0x00000028   Code   RO          443    i._sys_istty        retarget.o
    0x000031dc   0x000031dc   0x0000014c   Code   RO          444    i._sys_open         retarget.o
    0x00003328   0x00003328   0x00000028   Code   RO          446    i._sys_seek         retarget.o
    0x00003350   0x00003350   0x00000064   Code   RO          447    i._sys_write        retarget.o
    0x000033b4   0x000033b4   0x00000098   Code   RO          546    i.analogin_init     mbed.ar(analogin_api.o)
    0x0000344c   0x0000344c   0x000000d0   Code   RO          547    i.analogin_read     mbed.ar(analogin_api.o)
    0x0000351c   0x0000351c   0x00000018   Code   RO          919    i.error             mbed.ar(error.o)
    0x00003534   0x00003534   0x0000002c   Code   RO          938    i.exit              mbed.ar(exit.o)
    0x00003560   0x00003560   0x0000001a   Code   RO         1550    i.fputc             c_w.l(fputc.o)
    0x0000357a   0x0000357a   0x00000002   PAD
    0x0000357c   0x0000357c   0x00000050   Code   RO          807    i.gpio_dir          mbed.ar(gpio_api.o)
    0x000035cc   0x000035cc   0x00000038   Code   RO          808    i.gpio_init         mbed.ar(gpio_api.o)
    0x00003604   0x00003604   0x00000026   Code   RO          786    i.gpio_init_in      mbed.ar(gpio.o)
    0x0000362a   0x0000362a   0x00000002   PAD
    0x0000362c   0x0000362c   0x00000044   Code   RO          789    i.gpio_init_out     mbed.ar(gpio.o)
    0x00003670   0x00003670   0x00000050   Code   RO          790    i.gpio_init_out_ex  mbed.ar(gpio.o)
    0x000036c0   0x000036c0   0x00000006   Code   RO          809    i.gpio_mode         mbed.ar(gpio_api.o)
    0x000036c6   0x000036c6   0x00000002   PAD
    0x000036c8   0x000036c8   0x00000050   Code   RO          780    i.mbed_assert_internal  mbed.ar(assert.o)
    0x00003718   0x00003718   0x00000108   Code   RO          429    i.mbed_die          board.o
    0x00003820   0x00003820   0x00000004   Code   RO          944    i.mbed_interface_connected  mbed.ar(mbed_interface.o)
    0x00003824   0x00003824   0x00000002   Code   RO          449    i.mbed_main         retarget.o
    0x00003826   0x00003826   0x00000002   Code   RO          450    i.mbed_sdk_init     retarget.o
    0x00003828   0x00003828   0x0000005c   Code   RO          853    i.pin_function      mbed.ar(pinmap.o)
    0x00003884   0x00003884   0x00000084   Code   RO          854    i.pin_mode          mbed.ar(pinmap.o)
    0x00003908   0x00003908   0x0000001e   Code   RO          907    i.pinmap_find_peripheral  mbed.ar(pinmap_common.o)
    0x00003926   0x00003926   0x00000002   PAD
    0x00003928   0x00003928   0x00000038   Code   RO          908    i.pinmap_merge      mbed.ar(pinmap_common.o)
    0x00003960   0x00003960   0x00000058   Code   RO          909    i.pinmap_peripheral  mbed.ar(pinmap_common.o)
    0x000039b8   0x000039b8   0x00000050   Code   RO          910    i.pinmap_pinout     mbed.ar(pinmap_common.o)
    0x00003a08   0x00003a08   0x000000fc   Code   RO          558    i.pwmout_init       mbed.ar(pwmout_api.o)
    0x00003b04   0x00003b04   0x0000004c   Code   RO          559    i.pwmout_period     mbed.ar(pwmout_api.o)
    0x00003b50   0x00003b50   0x0000004c   Code   RO          566    i.pwmout_write      mbed.ar(pwmout_api.o)
    0x00003b9c   0x00003b9c   0x00000010   Code   RO          965    i.semihost_connected  mbed.ar(semihost_api.o)
    0x00003bac   0x00003bac   0x0000000c   Code   RO          968    i.semihost_exit     mbed.ar(semihost_api.o)
    0x00003bb8   0x00003bb8   0x000001c4   Code   RO          583    i.serial_baud       mbed.ar(serial_api.o)
    0x00003d7c   0x00003d7c   0x000000a0   Code   RO          587    i.serial_format     mbed.ar(serial_api.o)
    0x00003e1c   0x00003e1c   0x00000168   Code   RO          590    i.serial_init       mbed.ar(serial_api.o)
    0x00003f84   0x00003f84   0x000000d4   Code   RO          593    i.serial_irq_set_internal  mbed.ar(serial_api.o)
    0x00004058   0x00004058   0x00000068   Code   RO          595    i.serial_putc       mbed.ar(serial_api.o)
    0x000040c0   0x000040c0   0x0000010c   Code   RO          597    i.serial_set_flow_control  mbed.ar(serial_api.o)
    0x000041cc   0x000041cc   0x00000014   Code   RO          599    i.uart0_irq         mbed.ar(serial_api.o)
    0x000041e0   0x000041e0   0x00000014   Code   RO          600    i.uart1_irq         mbed.ar(serial_api.o)
    0x000041f4   0x000041f4   0x00000014   Code   RO          601    i.uart2_irq         mbed.ar(serial_api.o)
    0x00004208   0x00004208   0x00000014   Code   RO          602    i.uart3_irq         mbed.ar(serial_api.o)
    0x0000421c   0x0000421c   0x00000064   Code   RO          603    i.uart_irq          mbed.ar(serial_api.o)
    0x00004280   0x00004280   0x0000000c   Code   RO          862    i.us_ticker_clear_interrupt  mbed.ar(us_ticker.o)
    0x0000428c   0x0000428c   0x00000010   Code   RO          863    i.us_ticker_disable_interrupt  mbed.ar(us_ticker.o)
    0x0000429c   0x0000429c   0x00000044   Code   RO          926    i.us_ticker_irq_handler  mbed.ar(us_ticker_api.o)
    0x000042e0   0x000042e0   0x00000060   Code   RO          865    i.us_ticker_read    mbed.ar(us_ticker.o)
    0x00004340   0x00004340   0x00000014   Code   RO          866    i.us_ticker_set_interrupt  mbed.ar(us_ticker.o)
    0x00004354   0x00004354   0x00000024   Code   RO          799    i.wait              mbed.ar(wait_api.o)
    0x00004378   0x00004378   0x0000001c   Code   RO          800    i.wait_ms           mbed.ar(wait_api.o)
    0x00004394   0x00004394   0x0000002c   Code   RO         1689    locale$$code        c_w.l(lc_numeric_c.o)
    0x000043c0   0x000043c0   0x0000002c   Code   RO         1755    locale$$code        c_w.l(lc_ctype_c.o)
    0x000043ec   0x000043ec   0x00000018   Code   RO         1462    x$fpl$dcmpinf       fz_ws.l(dcmpi.o)
    0x00004404   0x00004404   0x00000078   Code   RO         1189    x$fpl$dleqf         fz_ws.l(dleqf.o)
    0x0000447c   0x0000447c   0x0000009c   Code   RO         1464    x$fpl$dnaninf       fz_ws.l(dnaninf.o)
    0x00004518   0x00004518   0x0000000c   Code   RO         1466    x$fpl$dretinf       fz_ws.l(dretinf.o)
    0x00004524   0x00004524   0x0000006c   Code   RO         1191    x$fpl$drleqf        fz_ws.l(drleqf.o)
    0x00004590   0x00004590   0x00000056   Code   RO         1193    x$fpl$f2d           fz_ws.l(f2d.o)
    0x000045e6   0x000045e6   0x00000002   PAD
    0x000045e8   0x000045e8   0x000000c4   Code   RO         1195    x$fpl$fadd          fz_ws.l(faddsub_clz.o)
    0x000046ac   0x000046ac   0x00000018   Code   RO         1468    x$fpl$fcmpinf       fz_ws.l(fcmpi.o)
    0x000046c4   0x000046c4   0x00000036   Code   RO         1205    x$fpl$ffix          fz_ws.l(ffix.o)
    0x000046fa   0x000046fa   0x00000002   PAD
    0x000046fc   0x000046fc   0x0000003e   Code   RO         1209    x$fpl$ffixu         fz_ws.l(ffixu.o)
    0x0000473a   0x0000473a   0x00000002   PAD
    0x0000473c   0x0000473c   0x00000026   Code   RO         1213    x$fpl$ffltu         fz_ws.l(fflt_clz.o)
    0x00004762   0x00004762   0x00000002   PAD
    0x00004764   0x00004764   0x00000068   Code   RO         1219    x$fpl$fleqf         fz_ws.l(fleqf.o)
    0x000047cc   0x000047cc   0x00000102   Code   RO         1221    x$fpl$fmul          fz_ws.l(fmul.o)
    0x000048ce   0x000048ce   0x0000008c   Code   RO         1470    x$fpl$fnaninf       fz_ws.l(fnaninf.o)
    0x0000495a   0x0000495a   0x0000000a   Code   RO         1472    x$fpl$fretinf       fz_ws.l(fretinf.o)
    0x00004964   0x00004964   0x00000062   Code   RO         1223    x$fpl$frleqf        fz_ws.l(frleqf.o)
    0x000049c6   0x000049c6   0x00000002   PAD
    0x000049c8   0x000049c8   0x000000ea   Code   RO         1197    x$fpl$fsub          fz_ws.l(faddsub_clz.o)
    0x00004ab2   0x00004ab2   0x00000004   Code   RO         1474    x$fpl$printf1       fz_ws.l(printf1.o)
    0x00004ab6   0x00004ab6   0x00000004   Code   RO         1476    x$fpl$printf2       fz_ws.l(printf2.o)
    0x00004aba   0x00004aba   0x00000000   Code   RO         1482    x$fpl$usenofp       fz_ws.l(usenofp.o)
    0x00004aba   0x00004aba   0x00000002   PAD
    0x00004abc   0x00004abc   0x00000067   Data   RO          430    .constdata          board.o
    0x00004b23   0x00004b23   0x00000017   Data   RO          487    .constdata          retarget.o
    0x00004b3a   0x00004b3a   0x00000002   PAD
    0x00004b3c   0x00004b3c   0x000000c4   Data   RO          549    .constdata          mbed.ar(analogin_api.o)
    0x00004c00   0x00004c00   0x0000010a   Data   RO          567    .constdata          mbed.ar(pwmout_api.o)
    0x00004d0a   0x00004d0a   0x00000002   PAD
    0x00004d0c   0x00004d0c   0x000002b8   Data   RO          605    .constdata          mbed.ar(serial_api.o)
    0x00004fc4   0x00004fc4   0x00000067   Data   RO          791    .constdata          mbed.ar(gpio.o)
    0x0000502b   0x0000502b   0x00000001   PAD
    0x0000502c   0x0000502c   0x00000068   Data   RO          811    .constdata          mbed.ar(gpio_api.o)
    0x00005094   0x00005094   0x00000054   Data   RO          855    .constdata          mbed.ar(pinmap.o)
    0x000050e8   0x000050e8   0x00000011   Data   RO         1034    .constdata          c_w.l(__printf_flags_ss_wp.o)
    0x000050f9   0x000050f9   0x00000003   PAD
    0x000050fc   0x000050fc   0x00000008   Data   RO         1310    .constdata          c_w.l(_printf_wctomb.o)
    0x00005104   0x00005104   0x00000028   Data   RO         1339    .constdata          c_w.l(_printf_hex_int_ll_ptr.o)
    0x0000512c   0x0000512c   0x00000026   Data   RO         1539    .constdata          c_w.l(_printf_fp_hex.o)
    0x00005152   0x00005152   0x00000002   PAD
    0x00005154   0x00005154   0x00000094   Data   RO         1662    .constdata          c_w.l(bigflt0.o)
    0x000051e8   0x000051e8   0x00000020   Data   RO         1791    Region$$Table       anon$$obj.o
    0x00005208   0x00005208   0x0000001c   Data   RO         1688    locale$$data        c_w.l(lc_numeric_c.o)
    0x00005224   0x00005224   0x00000110   Data   RO         1754    locale$$data        c_w.l(lc_ctype_c.o)
    0x00005334   0x00005334   0x00000004   Data   RO            7    .init_array         main.o
    0x00005338   0x00005334   0x00000000   Data   RO         1068    .init_array         c_w.l(init_aeabi.o)


    Execution Region RW_IRAM1 (Exec base: 0x100000c8, Load base: 0x00005338, Size: 0x000002d0, Max: 0x00007f38, ABSOLUTE)

    Exec Addr    Load Addr    Size         Type   Attr      Idx    E Section Name        Object

    0x100000c8   0x00005338   0x00000020   Data   RW            6    .data               main.o
    0x100000e8   0x00005358   0x00000004   Data   RW          419    .data               system_LPC17xx.o
    0x100000ec   0x0000535c   0x00000020   Data   RW          568    .data               mbed.ar(pwmout_api.o)
    0x1000010c   0x0000537c   0x00000010   Data   RW          606    .data               mbed.ar(serial_api.o)
    0x1000011c   0x0000538c   0x00000004   Data   RW          867    .data               mbed.ar(us_ticker.o)
    0x10000120   0x00005390   0x00000004   Data   RW          891    .data               mbed.ar(FileBase.o)
    0x10000124   0x00005394   0x00000008   Data   RW          929    .data               mbed.ar(us_ticker_api.o)
    0x1000012c   0x0000539c   0x00000004   Data   RW         1048    .data               c_w.l(stdio_streams.o)
    0x10000130   0x000053a0   0x00000004   Data   RW         1049    .data               c_w.l(stdio_streams.o)
    0x10000134   0x000053a4   0x00000004   Data   RW         1050    .data               c_w.l(stdio_streams.o)
    0x10000138   0x000053a8   0x00000004   Data   RW         1708    .data               c_w.l(heapauxa.o)
    0x1000013c        -       0x00000024   Zero   RW            5    .bss                main.o
    0x10000160        -       0x00000040   Zero   RW          486    .bss                retarget.o
    0x100001a0        -       0x000000e0   Zero   RW          604    .bss                mbed.ar(serial_api.o)
    0x10000280        -       0x00000054   Zero   RW         1045    .bss                c_w.l(stdio_streams.o)
    0x100002d4        -       0x00000054   Zero   RW         1046    .bss                c_w.l(stdio_streams.o)
    0x10000328        -       0x00000054   Zero   RW         1047    .bss                c_w.l(stdio_streams.o)
    0x1000037c        -       0x00000004   Zero   RW         1508    .bss                c_w.l(rt_heap_descriptor.o)
    0x10000380        -       0x00000014   Zero   RW         1635    .bss                c_w.l(rt_locale.o)
    0x10000394        -       0x00000004   Zero   RW         1645    .bss                c_w.l(rt_errno_addr.o)


    Execution Region RW_IRAM2 (Exec base: 0x2007c000, Load base: 0x000053ac, Size: 0x00000000, Max: 0x00004000, ABSOLUTE)

    **** No section assigned to this execution region ****


    Execution Region RW_IRAM3 (Exec base: 0x20080000, Load base: 0x000053ac, Size: 0x00000000, Max: 0x00004000, ABSOLUTE)

    **** No section assigned to this execution region ****


    Execution Region RW_IRAM4 (Exec base: 0x40038000, Load base: 0x000053ac, Size: 0x00000000, Max: 0x00000800, ABSOLUTE)

    **** No section assigned to this execution region ****


==============================================================================

Image component sizes


      Code (inc. data)   RO Data    RW Data    ZI Data      Debug   Object Name

       264         22        103          0          0         76   board.o
       108          6          0          0          0         84   cmsis_nvic.o
       778        176          4         32         36      37571   main.o
       618         70         23          0         64        688   retarget.o
        40         12        196          0          0        228   startup_LPC17xx.o
        16          6          0          0          0         68   sys.o
       160         10          0          4          0         68   system_LPC17xx.o

    ----------------------------------------------------------------------
      1986        302        360         36        100      38783   Object Totals
         0          0         32          0          0          0   (incl. Generated)
         2          0          2          0          0          0   (incl. Padding)

    ----------------------------------------------------------------------

      Code (inc. data)   RO Data    RW Data    ZI Data      Debug   Library Member Name

        60          8          0          0          0         84   __0sscanf.o
        20          0          0          0          0         84   __2fprintf.o
         8          0          0          0          0         68   __main.o
       392          4         17          0          0         92   __printf_flags_ss_wp.o
        14          0          0          0          0         68   __printf_wp.o
         0          0          0          0          0          0   __rtentry.o
        12          0          0          0          0          0   __rtentry2.o
         6          0          0          0          0          0   __rtentry4.o
        52          8          0          0          0          0   __scatter.o
        26          0          0          0          0          0   __scatter_copy.o
        28          0          0          0          0          0   __scatter_zi.o
        28          0          0          0          0         68   _chval.o
         6          0          0          0          0          0   _printf_a.o
         6          0          0          0          0          0   _printf_c.o
        44          0          0          0          0        108   _printf_char.o
        48          6          0          0          0         96   _printf_char_common.o
        36          4          0          0          0         80   _printf_char_file.o
        40          0          0          0          0         68   _printf_charcount.o
         6          0          0          0          0          0   _printf_d.o
       120         16          0          0          0         92   _printf_dec.o
         6          0          0          0          0          0   _printf_e.o
         6          0          0          0          0          0   _printf_f.o
      1054          0          0          0          0        216   _printf_fp_dec.o
       764          8         38          0          0        100   _printf_fp_hex.o
       128         16          0          0          0         84   _printf_fp_infnan.o
         6          0          0          0          0          0   _printf_g.o
       148          4         40          0          0        160   _printf_hex_int_ll_ptr.o
         6          0          0          0          0          0   _printf_i.o
       178          0          0          0          0         88   _printf_intcommon.o
        10          0          0          0          0          0   _printf_l.o
         6          0          0          0          0          0   _printf_lc.o
        10          0          0          0          0          0   _printf_ll.o
         6          0          0          0          0          0   _printf_lld.o
         6          0          0          0          0          0   _printf_lli.o
         6          0          0          0          0          0   _printf_llo.o
         6          0          0          0          0          0   _printf_llu.o
         6          0          0          0          0          0   _printf_llx.o
       124         16          0          0          0         92   _printf_longlong_dec.o
         6          0          0          0          0          0   _printf_ls.o
         6          0          0          0          0          0   _printf_n.o
         6          0          0          0          0          0   _printf_o.o
       112         10          0          0          0        124   _printf_oct_int_ll.o
         6          0          0          0          0          0   _printf_p.o
        78          0          0          0          0        108   _printf_pad.o
         0          0          0          0          0          0   _printf_percent.o
         4          0          0          0          0          0   _printf_percent_end.o
         6          0          0          0          0          0   _printf_s.o
        82          0          0          0          0         80   _printf_str.o
        36          0          0          0          0         84   _printf_truncate.o
         6          0          0          0          0          0   _printf_u.o
        44          0          0          0          0        108   _printf_wchar.o
       188          6          8          0          0         92   _printf_wctomb.o
         6          0          0          0          0          0   _printf_x.o
       884          6          0          0          0        100   _scanf.o
       332          0          0          0          0         96   _scanf_int.o
        64          0          0          0          0         84   _sgetc.o
        64          0          0          0          0         92   _wcrtomb.o
       228          4        148          0          0         96   bigflt0.o
      1936        128          0          0          0        672   btod.o
        10          0          0          0          0         68   defsig_exit.o
        50          0          0          0          0         88   defsig_general.o
        80         58          0          0          0         76   defsig_rtmem_inner.o
        14          0          0          0          0         80   defsig_rtmem_outer.o
        52         38          0          0          0         76   defsig_rtred_inner.o
        14          0          0          0          0         80   defsig_rtred_outer.o
        76          0          0          0          0         88   fclose.o
         8          0          0          0          0         68   ferror.o
       100          4          0          0          0        120   fflush.o
       470          0          0          0          0         88   flsbuf.o
       236          4          0          0          0        128   fopen.o
        26          0          0          0          0         68   fputc.o
       248          6          0          0          0         84   fseek.o
        66          0          0          0          0         76   ftell.o
        94          0          0          0          0         80   h1_alloc.o
        52          0          0          0          0         68   h1_extend.o
        78          0          0          0          0         80   h1_free.o
        14          0          0          0          0         84   h1_init.o
        80          6          0          4          0         96   heapauxa.o
         4          0          0          0          0        136   hguard.o
         0          0          0          0          0          0   indicate_semi.o
        36         10          0          0          0         80   init_aeabi.o
       138          0          0          0          0        168   init_alloc.o
       312         46          0          0          0        112   initio.o
        18          0          0          0          0         76   isspace.o
        44         10        272          0          0         76   lc_ctype_c.o
        44         10         28          0          0         76   lc_numeric_c.o
         2          0          0          0          0          0   libinit.o
        46          0          0          0          0          0   libinit2.o
         0          0          0          0          0          0   libshutdown2.o
       138          0          0          0          0         80   lludiv10.o
         0          0          0          0          0          0   maybetermalloc1.o
        16          4          0          0          0         76   rt_ctype_table.o
         8          4          0          0          4         68   rt_errno_addr.o
         8          4          0          0          4         68   rt_heap_descriptor.o
         8          4          0          0         20         68   rt_locale.o
        78          0          0          0          0         80   rt_memclr_w.o
       100          0          0          0          0         80   rt_memcpy_w.o
       122          0          0          0          0         80   rt_memmove_w.o
        44          8          0          0          0         84   scanf_char.o
        70          0          0          0          0         80   setvbuf.o
       240          6          0          0          0        156   stdio.o
         0          0          0         12        252          0   stdio_streams.o
       128          0          0          0          0         68   strcmpv7m.o
        62          0          0          0          0         76   strlen.o
       150          0          0          0          0         80   strncmp.o
        12          4          0          0          0         68   sys_exit.o
        14          0          0          0          0         76   sys_wrch.o
         2          0          0          0          0         68   use_no_semi.o
        10          0          0          0          0         68   vfprintf.o
        24          0          0          0          0         68   dcmpi.o
       120          4          0          0          0         92   dleqf.o
       156          4          0          0          0         92   dnaninf.o
        12          0          0          0          0         68   dretinf.o
       108          0          0          0          0         80   drleqf.o
        86          4          0          0          0         84   f2d.o
       430          8          0          0          0        168   faddsub_clz.o
        24          0          0          0          0         68   fcmpi.o
        54          4          0          0          0         84   ffix.o
        62          4          0          0          0         84   ffixu.o
        38          0          0          0          0         68   fflt_clz.o
       104          4          0          0          0         84   fleqf.o
       258          4          0          0          0         84   fmul.o
       140          4          0          0          0         84   fnaninf.o
        10          0          0          0          0         68   fretinf.o
        98          0          0          0          0         68   frleqf.o
         4          0          0          0          0         68   printf1.o
         4          0          0          0          0         68   printf2.o
         0          0          0          0          0          0   usenofp.o
        40          0          0          0          0         68   fpclassify.o
        60          6          0          4          0        148   FileBase.o
       154          0          0          0          0        440   FilePath.o
        24          0          0          0          0         80   Timer.o
       360         58        196          0          0        172   analogin_api.o
        80         56          0          0          0         80   assert.o
        24          4          0          0          0         80   error.o
        44          8          0          0          0         72   exit.o
       186         12        103          0          0        268   gpio.o
       142         28        104          0          0        228   gpio_api.o
         4          0          0          0          0         68   mbed_interface.o
       224         58         84          0          0        160   pinmap.o
       254         76          0          0          0        308   pinmap_common.o
       404         68        266         32          0        252   pwmout_api.o
        28          6          0          0          0        144   semihost_api.o
      1736        170        696         16        224        928   serial_api.o
       144         38          0          4          0        280   us_ticker.o
        68          6          0          8          0         88   us_ticker_api.o
        64          4          0          0          0        160   wait_api.o

    ----------------------------------------------------------------------
     16950       1108       2008         80        504      12632   Library Totals
        34          0          8          0          0          0   (incl. Padding)

    ----------------------------------------------------------------------

      Code (inc. data)   RO Data    RW Data    ZI Data      Debug   Library Name

     11144        470        551         16        280       7128   c_w.l
      1732         40          0          0          0       1480   fz_ws.l
        40          0          0          0          0         68   m_ws.l
      4000        598       1449         64        224       3956   mbed.ar

    ----------------------------------------------------------------------
     16950       1108       2008         80        504      12632   Library Totals

    ----------------------------------------------------------------------

==============================================================================


      Code (inc. data)   RO Data    RW Data    ZI Data      Debug   

     18936       1410       2368        116        604      43039   Grand Totals
     18936       1410       2368        116        604      43039   ELF Image Totals
     18936       1410       2368        116          0          0   ROM Totals

==============================================================================

    Total RO  Size (Code + RO Data)                21304 (  20.80kB)
    Total RW  Size (RW Data + ZI Data)               720 (   0.70kB)
    Total ROM Size (Code + RO Data + RW Data)      21420 (  20.92kB)

==============================================================================

