<html>
<body>
<pre>
<h1>µVision Build Log</h1>
<h2>Tool Versions:</h2>
IDE-Version: µVision V5.27.1.0
Copyright (C) 2019 ARM Ltd and ARM Germany GmbH. All rights reserved.
License Information: Diego Moreno Villanueva, Polytech Sorbonne, LIC=----
 
Tool Versions:
Toolchain:       MDK-Lite  Version: 5.27.1.0
Toolchain Path:  C:\Keil_v5\ARM\ARMCC\Bin
C Compiler:      Armcc.exe V5.06 update 6 (build 750)
Assembler:       Armasm.exe V5.06 update 6 (build 750)
Linker/Locator:  ArmLink.exe V5.06 update 6 (build 750)
Library Manager: ArmAr.exe V5.06 update 6 (build 750)
Hex Converter:   FromElf.exe V5.06 update 6 (build 750)
CPU DLL:         SARMCM3.DLL V5.27.1.0
Dialog DLL:      DARMP1.DLL V1.27.0.0
Target DLL:      CMSIS_AGDI.dll V1.31.17.0
Dialog DLL:      TARMP1.DLL V1.26.0.0
 
<h2>Project:</h2>
D:\InterruptIn_HelloWorld_uvision_lpc1768\InterruptIn_HelloWorld\InterruptIn_HelloWorld.uvproj
Project File Date:  06/04/2019

<h2>Output:</h2>
*** Using Compiler 'V5.06 update 6 (build 750)', folder: 'C:\Keil_v5\ARM\ARMCC\Bin'
Rebuild target 'mbed NXP LPC1768'
compiling Grove_LCD_RGB_Backlight.cpp...
Grove_LCD_RGB_Backlight.h(68): warning:  #1-D: last line of file ends without a newline
  };
Grove_LCD_RGB_Backlight.cpp: 1 warning, 0 errors
compiling main.cpp...
main.h(8): warning:  #1-D: last line of file ends without a newline
  #endif
main.cpp(156): warning:  #1-D: last line of file ends without a newline
  }
main.cpp(123): warning:  #177-D: variable "pot"  was declared but never referenced
  	float pot,ldr2In;
main.cpp(123): warning:  #177-D: variable "ldr2In"  was declared but never referenced
  	float pot,ldr2In;
main.cpp: 4 warnings, 0 errors
linking...
Program Size: Code=18936 RO-data=2368 RW-data=116 ZI-data=604  
After Build - User command #1: fromelf --bin -o build\InterruptIn_HelloWorld_LPC1768.bin build\InterruptIn_HelloWorld.axf
".\build\InterruptIn_HelloWorld.axf" - 0 Error(s), 5 Warning(s).
Build Time Elapsed:  00:00:01
</pre>
</body>
</html>
